<html>
<body>
<pre>
<h1>µVision Build Log</h1>
<h2>Tool Versions:</h2>
IDE-Version: µVision V5.22.0.0
Copyright (C) 2016 ARM Ltd and ARM Germany GmbH. All rights reserved.
License Information: Alexander Strandberg, Cornell University, LIC=----
 
Tool Versions:
Toolchain:       MDK-Lite  Version: 5.22
Toolchain Path:  C:\Keil_v5\ARM\ARMCC\Bin
C Compiler:      Armcc.exe V5.06 update 4 (build 422)
Assembler:       Armasm.exe V5.06 update 4 (build 422)
Linker/Locator:  ArmLink.exe V5.06 update 4 (build 422)
Library Manager: ArmAr.exe V5.06 update 4 (build 422)
Hex Converter:   FromElf.exe V5.06 update 4 (build 422)
CPU DLL:         SARMCM3.DLL V5.22
Dialog DLL:      DCM.DLL V1.13.9.0
Target DLL:      CMSIS_AGDI.dll V1.27.0.0
Dialog DLL:      TCM.DLL V1.21.0.0
 
<h2>Project:</h2>
C:\Users\Alex\Google Drive\Alex's Documents\Cornell\CS 3420\Lab6\Lab6.uvprojx
Project File Date:  05/04/2017

<h2>Output:</h2>
*** Using Compiler 'V5.06 update 4 (build 422)', folder: 'C:\Keil_v5\ARM\ARMCC\Bin'
Build target 'Target 1'
compiling main.c...
main.c(33): warning:  #111-D: statement is unreachable
  	return 0;
main.c: 1 warning, 0 errors
linking...
Program Size: Code=10536 RO-data=1316 RW-data=5584 ZI-data=6224  
".\Objects\Lab6.axf" - 0 Error(s), 1 Warning(s).

<h2>Software Packages used:</h2>

Package Vendor: ARM
                http://www.keil.com/pack/ARM.CMSIS.5.0.0.pack
                ::CMSIS:RTOS:1.0 (API)
                CMSIS (Cortex Microcontroller Software Interface Standard)
   * Component: RTOS Version: 1.0
   * Component: RTOS2 Version: 2.0
   * Component: USB Device Version: 2.01
   * Component: USB Host Version: 2.01
   * Component: USART Version: 2.02
   * Component: Keil RTX5 Version: 5.0.0
   * Component: Keil RTX5 Variant: Source Version: 5.0.0
   * Component: CORE Version: 5.0.0

Package Vendor: Keil
                http://www.keil.com/pack/Keil.Kinetis_SDK_DFP.2.2.0.pack
                Keil::Device:Startup:2.8
                Freescale Kinetis SDK v1.2.0 including MK64FN1M0VLL12 CMSIS Device Support and Drivers
   * Component: Startup Version: 2.8
   * Component: DMAMUX Version: 1.2.0
   * Component: eDMA Version: 1.2.0
   * Component: LPTMR Version: 1.2.0
   * Component: PORT Version: 1.2.0
   * Component: OSC Version: 1.2.0
   * Component: RTC Version: 1.2.0
   * Component: MCG Version: 1.2.0
   * Component: GPIO Version: 1.2.0
   * Component: UART Version: 1.2.0
   * Component: SIM Version: 1.2.0
   * Component: eDMA Version: 1.2.0
   * Component: RTC Version: 1.2.0
   * Component: GPIO Version: 1.2.0
   * Component: USB Device Version: 1.1
   * Component: USB Host Version: 1.1
   * Component: OSA Variant: Bare Metal Version: 1.2.0
   * Component: USART Version: 1.2
   * Component: Clock Version: 1.2.0
   * Component: Interrupt Version: 1.2.0

<h2>Collection of Component include folders:</h2>
  C:\Users\Alex\Google Drive\Alex's Documents\Cornell\CS 3420\Lab6\RTE\Device\MK64FN1M0VLL12
  C:\Users\Alex\Google Drive\Alex's Documents\Cornell\CS 3420\Lab6\RTE\_Target_1
  C:\Keil_v5\ARM\PACK\ARM\CMSIS\5.0.0\CMSIS\Driver\Include
  C:\Keil_v5\ARM\PACK\ARM\CMSIS\5.0.0\CMSIS\Include
  C:\Keil_v5\ARM\PACK\ARM\CMSIS\5.0.0\CMSIS\RTOS2\Include
  C:\Keil_v5\ARM\PACK\ARM\CMSIS\5.0.0\CMSIS\RTOS2\RTX\Include
  C:\Keil_v5\ARM\PACK\ARM\CMSIS\5.0.0\CMSIS\RTOS2\RTX\Include1
  C:\Keil_v5\ARM\PACK\Keil\Kinetis_SDK_DFP\2.2.0\platform\devices
  C:\Keil_v5\ARM\PACK\Keil\Kinetis_SDK_DFP\2.2.0\platform\drivers\inc
  C:\Keil_v5\ARM\PACK\Keil\Kinetis_SDK_DFP\2.2.0\platform\hal\inc
  C:\Keil_v5\ARM\PACK\Keil\Kinetis_SDK_DFP\2.2.0\platform\osa\inc
  C:\Keil_v5\ARM\PACK\Keil\Kinetis_SDK_DFP\2.2.0\platform\system\inc

<h2>Collection of Component Files used:</h2>

   * Component: ::CMSIS:RTOS:1.0 (API)

   * Component: ::CMSIS:RTOS2:2.0 (API)

   * Component: ::CMSIS Driver:USB Device:2.01 (API)
      Include file:  CMSIS\Driver\Include\Driver_USBD.h

   * Component: ::CMSIS Driver:USB Host:2.01 (API)
      Include file:  CMSIS\Driver\Include\Driver_USBH.h

   * Component: ::CMSIS Driver:USART:2.02 (API)
      Include file:  CMSIS\Driver\Include\Driver_USART.h

   * Component: ARM::CMSIS:RTOS:Keil RTX5:5.0.0
      Include file:  CMSIS\RTOS2\RTX\Include1\cmsis_os.h
      Source file:   CMSIS\RTOS2\RTX\Library\cmsis_os1.c

   * Component: ARM::CMSIS:RTOS2:Keil RTX5:Source:5.0.0
      Source file:   CMSIS\RTOS2\RTX\Source\rtx_msgqueue.c
      Source file:   CMSIS\RTOS2\RTX\Template\Mutex.c
      Source file:   CMSIS\RTOS2\RTX\Source\rtx_kernel.c
      Source file:   CMSIS\RTOS2\RTX\Source\rtx_thread.c
      Source file:   CMSIS\RTOS2\RTX\Template\MsgQueue.c
      Source file:   CMSIS\RTOS2\RTX\Template\Semaphore.c
      Source file:   CMSIS\RTOS2\RTX\Template\Timer.c
      Source file:   CMSIS\RTOS2\RTX\Source\rtx_semaphore.c
      Source file:   CMSIS\RTOS2\RTX\Source\rtx_mempool.c
      Source file:   CMSIS\RTOS2\RTX\Source\rtx_memory.c
      Source file:   CMSIS\RTOS2\RTX\Source\rtx_evflags.c
      Source file:   CMSIS\RTOS2\RTX\Source\rtx_mutex.c
      Source file:   CMSIS\RTOS2\RTX\Template\Thread.c
      Source file:   CMSIS\RTOS2\RTX\Source\rtx_delay.c
      Source file:   CMSIS\RTOS2\RTX\Source\rtx_system.c
      Source file:   CMSIS\RTOS2\RTX\Source\rtx_timer.c
      Source file:   CMSIS\RTOS2\RTX\Source\ARM\irq_cm4f.s
      Source file:   CMSIS\RTOS2\RTX\Template\MemPool.c
      Include file:  CMSIS\RTOS2\RTX\Include\rtx_os.h
      Include file:  CMSIS\RTOS2\Include\cmsis_os2.h
      Source file:   CMSIS\RTOS2\RTX\Config\RTX_Config.c
      Source file:   CMSIS\RTOS2\RTX\Template\main.c
      Source file:   CMSIS\RTOS2\RTX\Template\Events.c

   * Component: ARM::CMSIS:CORE:5.0.0

   * Component: Keil::Device:Startup:2.8
      Source file:   platform\devices\startup.c
      Source file:   platform\devices\MK64F12\startup\arm\startup_MK64F12.s
      Include file:  addon_cmsis\Driver\MK64F\Config\RTE_Device.h
      Source file:   platform\devices\MK64F12\startup\system_MK64F12.c
      Include file:  platform\devices\MK64F12\startup\system_MK64F12.h

   * Component: Keil::Device:KSDK HAL:DMAMUX:1.2.0
      Source file:   platform\hal\src\dmamux\fsl_dmamux_hal.c
      Include file:  platform\hal\inc\fsl_dmamux_hal.h

   * Component: Keil::Device:KSDK HAL:eDMA:1.2.0
      Source file:   platform\hal\src\edma\fsl_edma_hal.c
      Include file:  platform\hal\inc\fsl_edma_hal.h

   * Component: Keil::Device:KSDK HAL:LPTMR:1.2.0
      Include file:  platform\hal\inc\fsl_lptmr_hal.h
      Source file:   platform\hal\src\lptmr\fsl_lptmr_hal.c

   * Component: Keil::Device:KSDK HAL:PORT:1.2.0
      Include file:  platform\hal\inc\fsl_port_hal.h
      Source file:   platform\hal\src\port\fsl_port_hal.c

   * Component: Keil::Device:KSDK HAL:OSC:1.2.0
      Include file:  platform\hal\inc\fsl_osc_hal.h
      Source file:   platform\hal\src\osc\fsl_osc_hal.c

   * Component: Keil::Device:KSDK HAL:RTC:1.2.0
      Source file:   platform\hal\src\rtc\fsl_rtc_hal.c
      Include file:  platform\hal\inc\fsl_rtc_hal.h

   * Component: Keil::Device:KSDK HAL:MCG:1.2.0
      Source file:   platform\hal\src\mcg\fsl_mcg_hal.c
      Include file:  platform\hal\inc\fsl_mcg_hal.h
      Include file:  platform\hal\inc\fsl_mcg_hal_modes.h
      Source file:   platform\hal\src\mcg\fsl_mcg_hal_modes.c

   * Component: Keil::Device:KSDK HAL:GPIO:1.2.0
      Source file:   platform\hal\src\gpio\fsl_gpio_hal.c
      Include file:  platform\hal\inc\fsl_gpio_hal.h

   * Component: Keil::Device:KSDK HAL:UART:1.2.0
      Include file:  platform\hal\inc\fsl_uart_hal.h
      Source file:   platform\hal\src\uart\fsl_uart_hal.c

   * Component: Keil::Device:KSDK HAL:SIM:1.2.0
      Source file:   platform\hal\src\sim\MK64F12\fsl_sim_hal_MK64F12.c
      Include file:  platform\hal\inc\fsl_sim_hal.h

   * Component: Keil::Device:KSDK Driver:eDMA:1.2.0
      Include file:  platform\drivers\inc\fsl_edma_driver.h
      Source file:   platform\drivers\src\edma\fsl_edma_common.c
      Source file:   platform\drivers\src\edma\fsl_edma_irq.c
      Source file:   platform\drivers\src\edma\fsl_edma_lpm_callback.c
      Source file:   platform\drivers\src\edma\fsl_edma_driver.c

   * Component: Keil::Device:KSDK Driver:RTC:1.2.0
      Include file:  platform\drivers\inc\fsl_rtc_driver.h
      Source file:   platform\drivers\src\rtc\fsl_rtc_driver.c
      Source file:   platform\drivers\src\rtc\fsl_rtc_common.c
      Source file:   platform\drivers\src\rtc\fsl_rtc_irq.c
      Source file:   platform\drivers\src\rtc\fsl_rtc_lpm_callback.c

   * Component: Keil::Device:KSDK Driver:GPIO:1.2.0
      Source file:   platform\drivers\src\gpio\fsl_gpio_driver.c
      Source file:   platform\drivers\src\gpio\fsl_gpio_common.c
      Include file:  platform\drivers\inc\fsl_gpio_driver.h
      Source file:   platform\drivers\src\gpio\fsl_gpio_irq.c
      Source file:   platform\drivers\src\gpio\fsl_gpio_lpm_callback.c

   * Component: Keil::CMSIS Driver:USB Device:1.1
      Source file:   addon_cmsis\Driver\MK64F\OTG_FS_MK64F.c
      Source file:   addon_cmsis\Driver\MK64F\USBD_FS_MK64F.c

   * Component: Keil::CMSIS Driver:USB Host:1.1
      Source file:   addon_cmsis\Driver\MK64F\OTG_FS_MK64F.c
      Source file:   addon_cmsis\Driver\MK64F\USBH_FS_MK64F.c

   * Component: Keil::Device:KSDK OSA:OSA:Bare Metal:1.2.0
      Include file:  platform\osa\inc\fsl_os_abstraction.h
      Source file:   platform\osa\src\fsl_os_abstraction_bm.c

   * Component: Keil::CMSIS Driver:USART:1.2
      Source file:   addon_cmsis\Driver\MK64F\UART_MK64F.c

   * Component: Keil::Device:KSDK System:Clock:1.2.0
      Source file:   platform\system\src\clock\fsl_clock_manager_common.c
      Source file:   platform\system\src\clock\MK64F12\fsl_clock_MK64F12.c
      Source file:   platform\system\src\clock\fsl_clock_manager.c
      Include file:  platform\system\inc\fsl_clock_manager.h

   * Component: Keil::Device:KSDK System:Interrupt:1.2.0
      Source file:   platform\system\src\interrupt\fsl_interrupt_manager.c
      Include file:  platform\system\inc\fsl_interrupt_manager.h
Build Time Elapsed:  00:00:05
</pre>
</body>
</html>
