Component: ARM Compiler 5.06 update 4 (build 422) Tool: armlink [4d35d2]

==============================================================================

Section Cross References

    main.o(i.main) refers to utils.o(i.GPIO_Initialize) for GPIO_Initialize
    main.o(i.main) refers to utils.o(i.serialWrite) for serialWrite
    main.o(i.main) refers to utils.o(i.readKeypad) for readKeypad
    main.o(i.main) refers to utils.o(i.putChar_UART0) for putChar_UART0
    main.o(i.main) refers to utils.o(i.fetchRFIDTag) for fetchRFIDTag
    main.o(i.main) refers to main.o(.data) for rfidCodes
    utils.o(i.fetchRFIDTag) refers to utils.o(i.getChar_UART3) for getChar_UART3
    utils.o(i.fetchRFIDTag) refers to utils.o(i.putChar_UART0) for putChar_UART0
    utils.o(i.fetchRFIDTag) refers to utils.o(i.serialWrite) for serialWrite
    utils.o(i.readKeypad) refers to utils.o(i.delay) for delay
    utils.o(i.serialWrite) refers to utils.o(i.putChar_UART0) for putChar_UART0
    cmsis_os1.o(i.osMailAlloc) refers to rtx_mempool.o(i.osMemoryPoolAlloc) for osMemoryPoolAlloc
    cmsis_os1.o(i.osMailCAlloc) refers to rtx_mempool.o(i.osMemoryPoolGetBlockSize) for osMemoryPoolGetBlockSize
    cmsis_os1.o(i.osMailCAlloc) refers to rtx_mempool.o(i.osMemoryPoolAlloc) for osMemoryPoolAlloc
    cmsis_os1.o(i.osMailCAlloc) refers to rt_memclr.o(.text) for __aeabi_memclr
    cmsis_os1.o(i.osMailCreate) refers to rtx_mempool.o(i.osMemoryPoolNew) for osMemoryPoolNew
    cmsis_os1.o(i.osMailCreate) refers to rtx_msgqueue.o(i.osMessageQueueNew) for osMessageQueueNew
    cmsis_os1.o(i.osMailCreate) refers to rtx_mempool.o(i.osMemoryPoolDelete) for osMemoryPoolDelete
    cmsis_os1.o(i.osMailCreate) refers to rtx_msgqueue.o(i.osMessageQueueDelete) for osMessageQueueDelete
    cmsis_os1.o(i.osMailFree) refers to rtx_mempool.o(i.osMemoryPoolFree) for osMemoryPoolFree
    cmsis_os1.o(i.osMailGet) refers to rtx_msgqueue.o(i.osMessageQueueGet) for osMessageQueueGet
    cmsis_os1.o(i.osMailPut) refers to rtx_msgqueue.o(i.osMessageQueuePut) for osMessageQueuePut
    cmsis_os1.o(i.osMessageCreate) refers to rtx_msgqueue.o(i.osMessageQueueNew) for osMessageQueueNew
    cmsis_os1.o(i.osMessageGet) refers to rtx_msgqueue.o(i.osMessageQueueGet) for osMessageQueueGet
    cmsis_os1.o(i.osMessagePut) refers to rtx_msgqueue.o(i.osMessageQueuePut) for osMessageQueuePut
    cmsis_os1.o(i.osMutexCreate) refers to rtx_mutex.o(i.osMutexNew) for osMutexNew
    cmsis_os1.o(i.osPoolAlloc) refers to rtx_mempool.o(i.osMemoryPoolAlloc) for osMemoryPoolAlloc
    cmsis_os1.o(i.osPoolCAlloc) refers to rtx_mempool.o(i.osMemoryPoolGetBlockSize) for osMemoryPoolGetBlockSize
    cmsis_os1.o(i.osPoolCAlloc) refers to rtx_mempool.o(i.osMemoryPoolAlloc) for osMemoryPoolAlloc
    cmsis_os1.o(i.osPoolCAlloc) refers to rt_memclr.o(.text) for __aeabi_memclr
    cmsis_os1.o(i.osPoolCreate) refers to rtx_mempool.o(i.osMemoryPoolNew) for osMemoryPoolNew
    cmsis_os1.o(i.osPoolFree) refers to rtx_mempool.o(i.osMemoryPoolFree) for osMemoryPoolFree
    cmsis_os1.o(i.osSemaphoreCreate) refers to rtx_semaphore.o(i.osSemaphoreNew) for osSemaphoreNew
    cmsis_os1.o(i.osSemaphoreWait) refers to rtx_semaphore.o(i.osSemaphoreAcquire) for osSemaphoreAcquire
    cmsis_os1.o(i.osSemaphoreWait) refers to rtx_semaphore.o(i.osSemaphoreGetCount) for osSemaphoreGetCount
    cmsis_os1.o(i.osSignalClear) refers to rtx_thread.o(i.osThreadGetId) for osThreadGetId
    cmsis_os1.o(i.osSignalClear) refers to rtx_thread.o(i.osThreadFlagsClear) for osThreadFlagsClear
    cmsis_os1.o(i.osSignalSet) refers to rtx_thread.o(i.osThreadFlagsSet) for osThreadFlagsSet
    cmsis_os1.o(i.osSignalWait) refers to rtx_thread.o(i.osThreadFlagsWait) for osThreadFlagsWait
    cmsis_os1.o(i.osThreadCreate) refers to rtx_thread.o(i.osThreadNew) for osThreadNew
    cmsis_os1.o(i.osTimerCreate) refers to rtx_timer.o(i.osTimerNew) for osTimerNew
    irq_cm4f.o(.text) refers to rtx_system.o(i.os_PendSV_Handler) for os_PendSV_Handler
    irq_cm4f.o(.text) refers to rtx_system.o(i.os_Tick_Handler) for os_Tick_Handler
    irq_cm4f.o(.text) refers to rtx_kernel.o(.data.os) for os_Info
    irq_cm4f.o(.text) refers to rtx_config.o(.constdata) for os_UserSVC_Table
    rtx_delay.o(i.osDelay) refers to rtx_delay.o(i.os_svcDelay) for os_svcDelay
    rtx_delay.o(i.osDelayUntil) refers to rtx_delay.o(i.os_svcDelayUntil) for os_svcDelayUntil
    rtx_delay.o(i.os_svcDelay) refers to rtx_thread.o(i.os_ThreadWaitEnter) for os_ThreadWaitEnter
    rtx_delay.o(i.os_svcDelayUntil) refers to rtx_thread.o(i.os_ThreadWaitEnter) for os_ThreadWaitEnter
    rtx_delay.o(i.os_svcDelayUntil) refers to rtx_kernel.o(.data.os) for os_Info
    rtx_evflags.o(i.osEventFlagsClear) refers to rtx_evflags.o(i.__get_IPSR) for __get_IPSR
    rtx_evflags.o(i.osEventFlagsClear) refers to rtx_evflags.o(i.__get_PRIMASK) for __get_PRIMASK
    rtx_evflags.o(i.osEventFlagsClear) refers to rtx_evflags.o(i.__get_BASEPRI) for __get_BASEPRI
[...]
    C:\Keil_v5\ARM\PACK\ARM\CMSIS\5.0.0\CMSIS\RTOS2\RTX\Source\rtx_mutex.c 0x00000000   Number         0  rtx_mutex.o ABSOLUTE
    C:\Keil_v5\ARM\PACK\ARM\CMSIS\5.0.0\CMSIS\RTOS2\RTX\Source\rtx_semaphore.c 0x00000000   Number         0  rtx_semaphore.o ABSOLUTE
    C:\Keil_v5\ARM\PACK\ARM\CMSIS\5.0.0\CMSIS\RTOS2\RTX\Source\rtx_system.c 0x00000000   Number         0  rtx_system.o ABSOLUTE
    C:\Keil_v5\ARM\PACK\ARM\CMSIS\5.0.0\CMSIS\RTOS2\RTX\Source\rtx_thread.c 0x00000000   Number         0  rtx_thread.o ABSOLUTE
    C:\Keil_v5\ARM\PACK\ARM\CMSIS\5.0.0\CMSIS\RTOS2\RTX\Source\rtx_timer.c 0x00000000   Number         0  rtx_timer.o ABSOLUTE
    C:\Keil_v5\ARM\PACK\Keil\Kinetis_SDK_DFP\2.2.0\addon_cmsis\Driver\MK64F\OTG_FS_MK64F.c 0x00000000   Number         0  otg_fs_mk64f.o ABSOLUTE
    C:\Keil_v5\ARM\PACK\Keil\Kinetis_SDK_DFP\2.2.0\addon_cmsis\Driver\MK64F\UART_MK64F.c 0x00000000   Number         0  uart_mk64f.o ABSOLUTE
    C:\Keil_v5\ARM\PACK\Keil\Kinetis_SDK_DFP\2.2.0\addon_cmsis\Driver\MK64F\USBD_FS_MK64F.c 0x00000000   Number         0  usbd_fs_mk64f.o ABSOLUTE
    C:\Keil_v5\ARM\PACK\Keil\Kinetis_SDK_DFP\2.2.0\addon_cmsis\Driver\MK64F\USBH_FS_MK64F.c 0x00000000   Number         0  usbh_fs_mk64f.o ABSOLUTE
    C:\Keil_v5\ARM\PACK\Keil\Kinetis_SDK_DFP\2.2.0\platform\devices\startup.c 0x00000000   Number         0  startup.o ABSOLUTE
    C:\Keil_v5\ARM\PACK\Keil\Kinetis_SDK_DFP\2.2.0\platform\drivers\src\edma\fsl_edma_common.c 0x00000000   Number         0  fsl_edma_common.o ABSOLUTE
    C:\Keil_v5\ARM\PACK\Keil\Kinetis_SDK_DFP\2.2.0\platform\drivers\src\edma\fsl_edma_driver.c 0x00000000   Number         0  fsl_edma_driver.o ABSOLUTE
    C:\Keil_v5\ARM\PACK\Keil\Kinetis_SDK_DFP\2.2.0\platform\drivers\src\edma\fsl_edma_irq.c 0x00000000   Number         0  fsl_edma_irq.o ABSOLUTE
    C:\Keil_v5\ARM\PACK\Keil\Kinetis_SDK_DFP\2.2.0\platform\drivers\src\gpio\fsl_gpio_common.c 0x00000000   Number         0  fsl_gpio_common.o ABSOLUTE
    C:\Keil_v5\ARM\PACK\Keil\Kinetis_SDK_DFP\2.2.0\platform\drivers\src\gpio\fsl_gpio_driver.c 0x00000000   Number         0  fsl_gpio_driver.o ABSOLUTE
    C:\Keil_v5\ARM\PACK\Keil\Kinetis_SDK_DFP\2.2.0\platform\drivers\src\rtc\fsl_rtc_common.c 0x00000000   Number         0  fsl_rtc_common.o ABSOLUTE
    C:\Keil_v5\ARM\PACK\Keil\Kinetis_SDK_DFP\2.2.0\platform\drivers\src\rtc\fsl_rtc_driver.c 0x00000000   Number         0  fsl_rtc_driver.o ABSOLUTE
    C:\Keil_v5\ARM\PACK\Keil\Kinetis_SDK_DFP\2.2.0\platform\hal\src\dmamux\fsl_dmamux_hal.c 0x00000000   Number         0  fsl_dmamux_hal.o ABSOLUTE
    C:\Keil_v5\ARM\PACK\Keil\Kinetis_SDK_DFP\2.2.0\platform\hal\src\edma\fsl_edma_hal.c 0x00000000   Number         0  fsl_edma_hal.o ABSOLUTE
    C:\Keil_v5\ARM\PACK\Keil\Kinetis_SDK_DFP\2.2.0\platform\hal\src\gpio\fsl_gpio_hal.c 0x00000000   Number         0  fsl_gpio_hal.o ABSOLUTE
    C:\Keil_v5\ARM\PACK\Keil\Kinetis_SDK_DFP\2.2.0\platform\hal\src\lptmr\fsl_lptmr_hal.c 0x00000000   Number         0  fsl_lptmr_hal.o ABSOLUTE
    C:\Keil_v5\ARM\PACK\Keil\Kinetis_SDK_DFP\2.2.0\platform\hal\src\mcg\fsl_mcg_hal.c 0x00000000   Number         0  fsl_mcg_hal.o ABSOLUTE
    C:\Keil_v5\ARM\PACK\Keil\Kinetis_SDK_DFP\2.2.0\platform\hal\src\mcg\fsl_mcg_hal_modes.c 0x00000000   Number         0  fsl_mcg_hal_modes.o ABSOLUTE
    C:\Keil_v5\ARM\PACK\Keil\Kinetis_SDK_DFP\2.2.0\platform\hal\src\osc\fsl_osc_hal.c 0x00000000   Number         0  fsl_osc_hal.o ABSOLUTE
    C:\Keil_v5\ARM\PACK\Keil\Kinetis_SDK_DFP\2.2.0\platform\hal\src\port\fsl_port_hal.c 0x00000000   Number         0  fsl_port_hal.o ABSOLUTE
    C:\Keil_v5\ARM\PACK\Keil\Kinetis_SDK_DFP\2.2.0\platform\hal\src\rtc\fsl_rtc_hal.c 0x00000000   Number         0  fsl_rtc_hal.o ABSOLUTE
    C:\Keil_v5\ARM\PACK\Keil\Kinetis_SDK_DFP\2.2.0\platform\hal\src\sim\MK64F12\fsl_sim_hal_MK64F12.c 0x00000000   Number         0  fsl_sim_hal_mk64f12.o ABSOLUTE
    C:\Keil_v5\ARM\PACK\Keil\Kinetis_SDK_DFP\2.2.0\platform\hal\src\uart\fsl_uart_hal.c 0x00000000   Number         0  fsl_uart_hal.o ABSOLUTE
    C:\Keil_v5\ARM\PACK\Keil\Kinetis_SDK_DFP\2.2.0\platform\osa\src\fsl_os_abstraction_bm.c 0x00000000   Number         0  fsl_os_abstraction_bm.o ABSOLUTE
    C:\Keil_v5\ARM\PACK\Keil\Kinetis_SDK_DFP\2.2.0\platform\system\src\clock\MK64F12\fsl_clock_MK64F12.c 0x00000000   Number         0  fsl_clock_mk64f12.o ABSOLUTE
    C:\Keil_v5\ARM\PACK\Keil\Kinetis_SDK_DFP\2.2.0\platform\system\src\clock\fsl_clock_manager.c 0x00000000   Number         0  fsl_clock_manager.o ABSOLUTE
    C:\Keil_v5\ARM\PACK\Keil\Kinetis_SDK_DFP\2.2.0\platform\system\src\clock\fsl_clock_manager_common.c 0x00000000   Number         0  fsl_clock_manager_common.o ABSOLUTE
    C:\Keil_v5\ARM\PACK\Keil\Kinetis_SDK_DFP\2.2.0\platform\system\src\interrupt\fsl_interrupt_manager.c 0x00000000   Number         0  fsl_interrupt_manager.o ABSOLUTE
    C:\\Keil_v5\\ARM\\PACK\\ARM\\CMSIS\\5.0.0\\CMSIS\\RTOS2\\RTX\\Source\\rtx_delay.c 0x00000000   Number         0  rtx_delay.o ABSOLUTE
    C:\\Keil_v5\\ARM\\PACK\\ARM\\CMSIS\\5.0.0\\CMSIS\\RTOS2\\RTX\\Source\\rtx_evflags.c 0x00000000   Number         0  rtx_evflags.o ABSOLUTE
    C:\\Keil_v5\\ARM\\PACK\\ARM\\CMSIS\\5.0.0\\CMSIS\\RTOS2\\RTX\\Source\\rtx_kernel.c 0x00000000   Number         0  rtx_kernel.o ABSOLUTE
    C:\\Keil_v5\\ARM\\PACK\\ARM\\CMSIS\\5.0.0\\CMSIS\\RTOS2\\RTX\\Source\\rtx_memory.c 0x00000000   Number         0  rtx_memory.o ABSOLUTE
    C:\\Keil_v5\\ARM\\PACK\\ARM\\CMSIS\\5.0.0\\CMSIS\\RTOS2\\RTX\\Source\\rtx_mempool.c 0x00000000   Number         0  rtx_mempool.o ABSOLUTE
    C:\\Keil_v5\\ARM\\PACK\\ARM\\CMSIS\\5.0.0\\CMSIS\\RTOS2\\RTX\\Source\\rtx_msgqueue.c 0x00000000   Number         0  rtx_msgqueue.o ABSOLUTE
    C:\\Keil_v5\\ARM\\PACK\\ARM\\CMSIS\\5.0.0\\CMSIS\\RTOS2\\RTX\\Source\\rtx_mutex.c 0x00000000   Number         0  rtx_mutex.o ABSOLUTE
    C:\\Keil_v5\\ARM\\PACK\\ARM\\CMSIS\\5.0.0\\CMSIS\\RTOS2\\RTX\\Source\\rtx_semaphore.c 0x00000000   Number         0  rtx_semaphore.o ABSOLUTE
    C:\\Keil_v5\\ARM\\PACK\\ARM\\CMSIS\\5.0.0\\CMSIS\\RTOS2\\RTX\\Source\\rtx_system.c 0x00000000   Number         0  rtx_system.o ABSOLUTE
    C:\\Keil_v5\\ARM\\PACK\\ARM\\CMSIS\\5.0.0\\CMSIS\\RTOS2\\RTX\\Source\\rtx_thread.c 0x00000000   Number         0  rtx_thread.o ABSOLUTE
    C:\\Keil_v5\\ARM\\PACK\\ARM\\CMSIS\\5.0.0\\CMSIS\\RTOS2\\RTX\\Source\\rtx_timer.c 0x00000000   Number         0  rtx_timer.o ABSOLUTE
    C:\\Keil_v5\\ARM\\PACK\\Keil\\Kinetis_SDK_DFP\\2.2.0\\addon_cmsis\\Driver\\MK64F\\UART_MK64F.c 0x00000000   Number         0  uart_mk64f.o ABSOLUTE
    C:\\Keil_v5\\ARM\\PACK\\Keil\\Kinetis_SDK_DFP\\2.2.0\\addon_cmsis\\Driver\\MK64F\\USBD_FS_MK64F.c 0x00000000   Number         0  usbd_fs_mk64f.o ABSOLUTE
    C:\\Keil_v5\\ARM\\PACK\\Keil\\Kinetis_SDK_DFP\\2.2.0\\addon_cmsis\\Driver\\MK64F\\USBH_FS_MK64F.c 0x00000000   Number         0  usbh_fs_mk64f.o ABSOLUTE
    C:\\Keil_v5\\ARM\\PACK\\Keil\\Kinetis_SDK_DFP\\2.2.0\\platform\\devices\\startup.c 0x00000000   Number         0  startup.o ABSOLUTE
    C:\\Keil_v5\\ARM\\PACK\\Keil\\Kinetis_SDK_DFP\\2.2.0\\platform\\drivers\\src\\edma\\fsl_edma_common.c 0x00000000   Number         0  fsl_edma_common.o ABSOLUTE
    C:\\Keil_v5\\ARM\\PACK\\Keil\\Kinetis_SDK_DFP\\2.2.0\\platform\\drivers\\src\\edma\\fsl_edma_driver.c 0x00000000   Number         0  fsl_edma_driver.o ABSOLUTE
    C:\\Keil_v5\\ARM\\PACK\\Keil\\Kinetis_SDK_DFP\\2.2.0\\platform\\drivers\\src\\edma\\fsl_edma_irq.c 0x00000000   Number         0  fsl_edma_irq.o ABSOLUTE
    C:\\Keil_v5\\ARM\\PACK\\Keil\\Kinetis_SDK_DFP\\2.2.0\\platform\\drivers\\src\\gpio\\fsl_gpio_common.c 0x00000000   Number         0  fsl_gpio_common.o ABSOLUTE
    C:\\Keil_v5\\ARM\\PACK\\Keil\\Kinetis_SDK_DFP\\2.2.0\\platform\\drivers\\src\\gpio\\fsl_gpio_driver.c 0x00000000   Number         0  fsl_gpio_driver.o ABSOLUTE
    C:\\Keil_v5\\ARM\\PACK\\Keil\\Kinetis_SDK_DFP\\2.2.0\\platform\\drivers\\src\\rtc\\fsl_rtc_common.c 0x00000000   Number         0  fsl_rtc_common.o ABSOLUTE
    C:\\Keil_v5\\ARM\\PACK\\Keil\\Kinetis_SDK_DFP\\2.2.0\\platform\\drivers\\src\\rtc\\fsl_rtc_driver.c 0x00000000   Number         0  fsl_rtc_driver.o ABSOLUTE
    C:\\Keil_v5\\ARM\\PACK\\Keil\\Kinetis_SDK_DFP\\2.2.0\\platform\\hal\\src\\dmamux\\fsl_dmamux_hal.c 0x00000000   Number         0  fsl_dmamux_hal.o ABSOLUTE
    C:\\Keil_v5\\ARM\\PACK\\Keil\\Kinetis_SDK_DFP\\2.2.0\\platform\\hal\\src\\edma\\fsl_edma_hal.c 0x00000000   Number         0  fsl_edma_hal.o ABSOLUTE
    C:\\Keil_v5\\ARM\\PACK\\Keil\\Kinetis_SDK_DFP\\2.2.0\\platform\\hal\\src\\gpio\\fsl_gpio_hal.c 0x00000000   Number         0  fsl_gpio_hal.o ABSOLUTE
    C:\\Keil_v5\\ARM\\PACK\\Keil\\Kinetis_SDK_DFP\\2.2.0\\platform\\hal\\src\\lptmr\\fsl_lptmr_hal.c 0x00000000   Number         0  fsl_lptmr_hal.o ABSOLUTE
    C:\\Keil_v5\\ARM\\PACK\\Keil\\Kinetis_SDK_DFP\\2.2.0\\platform\\hal\\src\\mcg\\fsl_mcg_hal.c 0x00000000   Number         0  fsl_mcg_hal.o ABSOLUTE
    C:\\Keil_v5\\ARM\\PACK\\Keil\\Kinetis_SDK_DFP\\2.2.0\\platform\\hal\\src\\mcg\\fsl_mcg_hal_modes.c 0x00000000   Number         0  fsl_mcg_hal_modes.o ABSOLUTE
    C:\\Keil_v5\\ARM\\PACK\\Keil\\Kinetis_SDK_DFP\\2.2.0\\platform\\hal\\src\\osc\\fsl_osc_hal.c 0x00000000   Number         0  fsl_osc_hal.o ABSOLUTE
    C:\\Keil_v5\\ARM\\PACK\\Keil\\Kinetis_SDK_DFP\\2.2.0\\platform\\hal\\src\\port\\fsl_port_hal.c 0x00000000   Number         0  fsl_port_hal.o ABSOLUTE
    C:\\Keil_v5\\ARM\\PACK\\Keil\\Kinetis_SDK_DFP\\2.2.0\\platform\\hal\\src\\rtc\\fsl_rtc_hal.c 0x00000000   Number         0  fsl_rtc_hal.o ABSOLUTE
    C:\\Keil_v5\\ARM\\PACK\\Keil\\Kinetis_SDK_DFP\\2.2.0\\platform\\hal\\src\\sim\\MK64F12\\fsl_sim_hal_MK64F12.c 0x00000000   Number         0  fsl_sim_hal_mk64f12.o ABSOLUTE
    C:\\Keil_v5\\ARM\\PACK\\Keil\\Kinetis_SDK_DFP\\2.2.0\\platform\\hal\\src\\uart\\fsl_uart_hal.c 0x00000000   Number         0  fsl_uart_hal.o ABSOLUTE
    C:\\Keil_v5\\ARM\\PACK\\Keil\\Kinetis_SDK_DFP\\2.2.0\\platform\\osa\\src\\fsl_os_abstraction_bm.c 0x00000000   Number         0  fsl_os_abstraction_bm.o ABSOLUTE
    C:\\Keil_v5\\ARM\\PACK\\Keil\\Kinetis_SDK_DFP\\2.2.0\\platform\\system\\src\\clock\\MK64F12\\fsl_clock_MK64F12.c 0x00000000   Number         0  fsl_clock_mk64f12.o ABSOLUTE
    C:\\Keil_v5\\ARM\\PACK\\Keil\\Kinetis_SDK_DFP\\2.2.0\\platform\\system\\src\\clock\\fsl_clock_manager.c 0x00000000   Number         0  fsl_clock_manager.o ABSOLUTE
    C:\\Keil_v5\\ARM\\PACK\\Keil\\Kinetis_SDK_DFP\\2.2.0\\platform\\system\\src\\clock\\fsl_clock_manager_common.c 0x00000000   Number         0  fsl_clock_manager_common.o ABSOLUTE
    C:\\Keil_v5\\ARM\\PACK\\Keil\\Kinetis_SDK_DFP\\2.2.0\\platform\\system\\src\\interrupt\\fsl_interrupt_manager.c 0x00000000   Number         0  fsl_interrupt_manager.o ABSOLUTE
    RTE\CMSIS\RTX_Config.c                   0x00000000   Number         0  rtx_config.o ABSOLUTE
    RTE\Device\MK64FN1M0VLL12\startup_MK64F12.s 0x00000000   Number         0  startup_mk64f12.o ABSOLUTE
    RTE\Device\MK64FN1M0VLL12\system_MK64F12.c 0x00000000   Number         0  system_mk64f12.o ABSOLUTE
    RTE\\Device\\MK64FN1M0VLL12\\system_MK64F12.c 0x00000000   Number         0  system_mk64f12.o ABSOLUTE
    dc.s                                     0x00000000   Number         0  dc.o ABSOLUTE
    main.c                                   0x00000000   Number         0  main.o ABSOLUTE
    main.c                                   0x00000000   Number         0  main.o ABSOLUTE
    utils.c                                  0x00000000   Number         0  utils.o ABSOLUTE
    utils.c                                  0x00000000   Number         0  utils.o ABSOLUTE
    FlashConfig                              0x00000400   Section       16  startup_mk64f12.o(FlashConfig)
    !!!main                                  0x00000410   Section        8  __main.o(!!!main)
    !!!scatter                               0x00000418   Section       52  __scatter.o(!!!scatter)
    !!dczerorl                               0x0000044c   Section       58  __dczerorl.o(!!dczerorl)
    !!handler_zi                             0x00000488   Section       28  __scatter_zi.o(!!handler_zi)
    .ARM.Collect$$libinit$$00000000          0x000004a4   Section        2  libinit.o(.ARM.Collect$$libinit$$00000000)
    .ARM.Collect$$libinit$$00000001          0x000004a6   Section        4  libinit2.o(.ARM.Collect$$libinit$$00000001)
    .ARM.Collect$$libinit$$00000004          0x000004aa   Section        0  libinit2.o(.ARM.Collect$$libinit$$00000004)
    .ARM.Collect$$libinit$$0000000A          0x000004aa   Section        0  libinit2.o(.ARM.Collect$$libinit$$0000000A)
    .ARM.Collect$$libinit$$0000000C          0x000004aa   Section        0  libinit2.o(.ARM.Collect$$libinit$$0000000C)
    .ARM.Collect$$libinit$$0000000E          0x000004aa   Section        0  libinit2.o(.ARM.Collect$$libinit$$0000000E)
    .ARM.Collect$$libinit$$00000011          0x000004aa   Section        0  libinit2.o(.ARM.Collect$$libinit$$00000011)
    .ARM.Collect$$libinit$$00000013          0x000004aa   Section        0  libinit2.o(.ARM.Collect$$libinit$$00000013)
    .ARM.Collect$$libinit$$00000015          0x000004aa   Section        0  libinit2.o(.ARM.Collect$$libinit$$00000015)
    .ARM.Collect$$libinit$$00000017          0x000004aa   Section        0  libinit2.o(.ARM.Collect$$libinit$$00000017)
    .ARM.Collect$$libinit$$00000019          0x000004aa   Section        0  libinit2.o(.ARM.Collect$$libinit$$00000019)
    .ARM.Collect$$libinit$$0000001B          0x000004aa   Section        0  libinit2.o(.ARM.Collect$$libinit$$0000001B)
    .ARM.Collect$$libinit$$0000001D          0x000004aa   Section        0  libinit2.o(.ARM.Collect$$libinit$$0000001D)
    .ARM.Collect$$libinit$$0000001F          0x000004aa   Section        0  libinit2.o(.ARM.Collect$$libinit$$0000001F)
    .ARM.Collect$$libinit$$00000021          0x000004aa   Section        0  libinit2.o(.ARM.Collect$$libinit$$00000021)
    .ARM.Collect$$libinit$$00000023          0x000004aa   Section        0  libinit2.o(.ARM.Collect$$libinit$$00000023)
    .ARM.Collect$$libinit$$00000025          0x000004aa   Section        0  libinit2.o(.ARM.Collect$$libinit$$00000025)
    .ARM.Collect$$libinit$$0000002C          0x000004aa   Section        0  libinit2.o(.ARM.Collect$$libinit$$0000002C)
    .ARM.Collect$$libinit$$0000002E          0x000004aa   Section        0  libinit2.o(.ARM.Collect$$libinit$$0000002E)
    .ARM.Collect$$libinit$$00000030          0x000004aa   Section        0  libinit2.o(.ARM.Collect$$libinit$$00000030)
    .ARM.Collect$$libinit$$00000032          0x000004aa   Section        0  libinit2.o(.ARM.Collect$$libinit$$00000032)
    .ARM.Collect$$libinit$$00000033          0x000004aa   Section        2  libinit2.o(.ARM.Collect$$libinit$$00000033)
    .ARM.Collect$$libshutdown$$00000000      0x000004ac   Section        2  libshutdown.o(.ARM.Collect$$libshutdown$$00000000)
    .ARM.Collect$$libshutdown$$00000002      0x000004ae   Section        0  libshutdown2.o(.ARM.Collect$$libshutdown$$00000002)
    .ARM.Collect$$libshutdown$$00000004      0x000004ae   Section        0  libshutdown2.o(.ARM.Collect$$libshutdown$$00000004)
    .ARM.Collect$$libshutdown$$00000007      0x000004ae   Section        0  libshutdown2.o(.ARM.Collect$$libshutdown$$00000007)
    .ARM.Collect$$libshutdown$$0000000A      0x000004ae   Section        0  libshutdown2.o(.ARM.Collect$$libshutdown$$0000000A)
    .ARM.Collect$$libshutdown$$0000000C      0x000004ae   Section        0  libshutdown2.o(.ARM.Collect$$libshutdown$$0000000C)
    .ARM.Collect$$libshutdown$$0000000F      0x000004ae   Section        0  libshutdown2.o(.ARM.Collect$$libshutdown$$0000000F)
    .ARM.Collect$$libshutdown$$00000010      0x000004ae   Section        2  libshutdown2.o(.ARM.Collect$$libshutdown$$00000010)
    .ARM.Collect$$rtentry$$00000000          0x000004b0   Section        0  __rtentry.o(.ARM.Collect$$rtentry$$00000000)
    .ARM.Collect$$rtentry$$00000002          0x000004b0   Section        0  __rtentry2.o(.ARM.Collect$$rtentry$$00000002)
    .ARM.Collect$$rtentry$$00000007          0x000004b0   Section        4  __rtentry7.o(.ARM.Collect$$rtentry$$00000007)
    .ARM.Collect$$rtentry$$00000008          0x000004b4   Section        8  __rtentry2.o(.ARM.Collect$$rtentry$$00000008)
    .ARM.Collect$$rtentry$$0000000A          0x000004bc   Section        4  __rtentry2.o(.ARM.Collect$$rtentry$$0000000A)
    .ARM.Collect$$rtentry$$0000000C          0x000004c0   Section        0  __rtentry2.o(.ARM.Collect$$rtentry$$0000000C)
    .ARM.Collect$$rtentry$$0000000D          0x000004c0   Section        8  __rtentry2.o(.ARM.Collect$$rtentry$$0000000D)
    .ARM.Collect$$rtentry$$00002718          0x000004c8   Section        4  __rtentry7.o(.ARM.Collect$$rtentry$$00002718)
    __lit__00000000                          0x000004c8   Data           4  __rtentry7.o(.ARM.Collect$$rtentry$$00002718)
    .ARM.Collect$$rtexit$$00000000           0x000004cc   Section        2  rtexit.o(.ARM.Collect$$rtexit$$00000000)
    .ARM.Collect$$rtexit$$00000002           0x000004ce   Section        0  rtexit2.o(.ARM.Collect$$rtexit$$00000002)
    .ARM.Collect$$rtexit$$00000003           0x000004ce   Section        4  rtexit2.o(.ARM.Collect$$rtexit$$00000003)
    .ARM.Collect$$rtexit$$00000004           0x000004d2   Section        6  rtexit2.o(.ARM.Collect$$rtexit$$00000004)
    .emb_text                                0x000004d8   Section      340  rtx_mempool.o(.emb_text)
    $v0                                      0x000004d8   Number         0  rtx_mempool.o(.emb_text)
    .emb_text                                0x0000062c   Section      340  rtx_msgqueue.o(.emb_text)
    $v0                                      0x0000062c   Number         0  rtx_msgqueue.o(.emb_text)
    .emb_text                                0x00000780   Section      340  rtx_system.o(.emb_text)
    $v0                                      0x00000780   Number         0  rtx_system.o(.emb_text)
    .emb_text                                0x000008d4   Section      340  rtx_thread.o(.emb_text)
    $v0                                      0x000008d4   Number         0  rtx_thread.o(.emb_text)
    .text                                    0x00000a28   Section      184  irq_cm4f.o(.text)
    $v0                                      0x00000a28   Number         0  irq_cm4f.o(.text)
    .text                                    0x00000ae0   Section       56  startup_mk64f12.o(.text)
    $v0                                      0x00000ae0   Number         0  startup_mk64f12.o(.text)
    .text                                    0x00000b18   Section      138  rt_memcpy_v6.o(.text)
    .text                                    0x00000ba2   Section       78  rt_memclr_w.o(.text)
    .text                                    0x00000bf0   Section      100  rt_memcpy_w.o(.text)
    .text                                    0x00000c54   Section        0  sys_exit.o(.text)
    .text                                    0x00000c60   Section        2  use_no_semi.o(.text)
    .text                                    0x00000c62   Section        0  indicate_semi.o(.text)
    .text                                    0x00000c62   Section        0  exit.o(.text)
    i.DMA0_IRQHandler                        0x00000c74   Section        0  fsl_edma_irq.o(i.DMA0_IRQHandler)
    i.DMA10_IRQHandler                       0x00000c7e   Section        0  fsl_edma_irq.o(i.DMA10_IRQHandler)
    i.DMA11_IRQHandler                       0x00000c88   Section        0  fsl_edma_irq.o(i.DMA11_IRQHandler)
    i.DMA12_IRQHandler                       0x00000c92   Section        0  fsl_edma_irq.o(i.DMA12_IRQHandler)
    i.DMA13_IRQHandler                       0x00000c9c   Section        0  fsl_edma_irq.o(i.DMA13_IRQHandler)
    i.DMA14_IRQHandler                       0x00000ca6   Section        0  fsl_edma_irq.o(i.DMA14_IRQHandler)
    i.DMA15_IRQHandler                       0x00000cb0   Section        0  fsl_edma_irq.o(i.DMA15_IRQHandler)
    i.DMA1_IRQHandler                        0x00000cba   Section        0  fsl_edma_irq.o(i.DMA1_IRQHandler)
    i.DMA2_IRQHandler                        0x00000cc4   Section        0  fsl_edma_irq.o(i.DMA2_IRQHandler)
    i.DMA3_IRQHandler                        0x00000cce   Section        0  fsl_edma_irq.o(i.DMA3_IRQHandler)
    i.DMA4_IRQHandler                        0x00000cd8   Section        0  fsl_edma_irq.o(i.DMA4_IRQHandler)
    i.DMA5_IRQHandler                        0x00000ce2   Section        0  fsl_edma_irq.o(i.DMA5_IRQHandler)
    i.DMA6_IRQHandler                        0x00000cec   Section        0  fsl_edma_irq.o(i.DMA6_IRQHandler)
    i.DMA7_IRQHandler                        0x00000cf6   Section        0  fsl_edma_irq.o(i.DMA7_IRQHandler)
    i.DMA8_IRQHandler                        0x00000d00   Section        0  fsl_edma_irq.o(i.DMA8_IRQHandler)
    i.DMA9_IRQHandler                        0x00000d0a   Section        0  fsl_edma_irq.o(i.DMA9_IRQHandler)
    i.EDMA_DRV_ClearIntStatus                0x00000d14   Section        0  fsl_edma_driver.o(i.EDMA_DRV_ClearIntStatus)
    EDMA_DRV_ClearIntStatus                  0x00000d15   Thumb Code    46  fsl_edma_driver.o(i.EDMA_DRV_ClearIntStatus)
    i.EDMA_DRV_IRQHandler                    0x00000d48   Section        0  fsl_edma_driver.o(i.EDMA_DRV_IRQHandler)
    i.GPIO_Initialize                        0x00000d74   Section        0  utils.o(i.GPIO_Initialize)
    i.SystemInit                             0x00000ef4   Section        0  system_mk64f12.o(i.SystemInit)
    i.USB0_IRQHandler                        0x00000f20   Section        0  otg_fs_mk64f.o(i.USB0_IRQHandler)
    i.USBD_FS_IRQ                            0x00000f44   Section        0  usbd_fs_mk64f.o(i.USBD_FS_IRQ)
    i.USBD_HW_EndpointTransfer               0x00001224   Section        0  usbd_fs_mk64f.o(i.USBD_HW_EndpointTransfer)
    USBD_HW_EndpointTransfer                 0x00001225   Thumb Code   206  usbd_fs_mk64f.o(i.USBD_HW_EndpointTransfer)
    i.USBD_Reset                             0x00001300   Section        0  usbd_fs_mk64f.o(i.USBD_Reset)
    USBD_Reset                               0x00001301   Thumb Code   240  usbd_fs_mk64f.o(i.USBD_Reset)
    i.USBH_FS_IRQ                            0x00001410   Section        0  usbh_fs_mk64f.o(i.USBH_FS_IRQ)
    i.USBH_HW_GetPipeIndexFromAddress        0x000018bc   Section        0  usbh_fs_mk64f.o(i.USBH_HW_GetPipeIndexFromAddress)
    USBH_HW_GetPipeIndexFromAddress          0x000018bd   Thumb Code    10  usbh_fs_mk64f.o(i.USBH_HW_GetPipeIndexFromAddress)
    i.USBH_HW_StartTransfer                  0x000018cc   Section        0  usbh_fs_mk64f.o(i.USBH_HW_StartTransfer)
    USBH_HW_StartTransfer                    0x000018cd   Thumb Code   354  usbh_fs_mk64f.o(i.USBH_HW_StartTransfer)
    i.__get_BASEPRI                          0x00001a54   Section        0  rtx_kernel.o(i.__get_BASEPRI)
    __get_BASEPRI                            0x00001a55   Thumb Code     6  rtx_kernel.o(i.__get_BASEPRI)
    i.__get_BASEPRI                          0x00001a5a   Section        0  rtx_msgqueue.o(i.__get_BASEPRI)
    __get_BASEPRI                            0x00001a5b   Thumb Code     6  rtx_msgqueue.o(i.__get_BASEPRI)
    i.__get_CONTROL                          0x00001a60   Section        0  rtx_kernel.o(i.__get_CONTROL)
    __get_CONTROL                            0x00001a61   Thumb Code     6  rtx_kernel.o(i.__get_CONTROL)
    i.__get_IPSR                             0x00001a66   Section        0  rtx_kernel.o(i.__get_IPSR)
    __get_IPSR                               0x00001a67   Thumb Code     6  rtx_kernel.o(i.__get_IPSR)
    i.__get_IPSR                             0x00001a6c   Section        0  rtx_msgqueue.o(i.__get_IPSR)
    __get_IPSR                               0x00001a6d   Thumb Code     6  rtx_msgqueue.o(i.__get_IPSR)
    i.__get_PRIMASK                          0x00001a72   Section        0  rtx_kernel.o(i.__get_PRIMASK)
    __get_PRIMASK                            0x00001a73   Thumb Code     6  rtx_kernel.o(i.__get_PRIMASK)
    i.__get_PRIMASK                          0x00001a78   Section        0  rtx_msgqueue.o(i.__get_PRIMASK)
    __get_PRIMASK                            0x00001a79   Thumb Code     6  rtx_msgqueue.o(i.__get_PRIMASK)
    i._platform_post_stackheap_init          0x00001a7e   Section        0  rtx_config.o(i._platform_post_stackheap_init)
    i.delay                                  0x00001a88   Section        0  utils.o(i.delay)
    i.fetchRFIDTag                           0x00001a9c   Section        0  utils.o(i.fetchRFIDTag)
    i.getChar_UART3                          0x00001af4   Section        0  utils.o(i.getChar_UART3)
    i.init_data_bss                          0x00001b0c   Section        0  startup.o(i.init_data_bss)
    i.main                                   0x00001b54   Section        0  main.o(i.main)
    i.osKernelInitialize                     0x00001bfc   Section        0  rtx_kernel.o(i.osKernelInitialize)
    i.osMessageQueuePut                      0x00001c38   Section        0  rtx_msgqueue.o(i.osMessageQueuePut)
    i.osThreadExit                           0x00001c80   Section        0  rtx_thread.o(i.osThreadExit)
    i.os_Error                               0x00001c94   Section        0  rtx_config.o(i.os_Error)
    i.os_IdleThread                          0x00001cb4   Section        0  rtx_config.o(i.os_IdleThread)
    i.os_KernelGetState                      0x00001cb8   Section        0  rtx_thread.o(i.os_KernelGetState)
    os_KernelGetState                        0x00001cb9   Thumb Code     6  rtx_thread.o(i.os_KernelGetState)
    i.os_MemoryAlloc                         0x00001cc4   Section        0  rtx_memory.o(i.os_MemoryAlloc)
    i.os_MemoryFree                          0x00001d38   Section        0  rtx_memory.o(i.os_MemoryFree)
    i.os_MemoryInit                          0x00001d7c   Section        0  rtx_memory.o(i.os_MemoryInit)
    i.os_MemoryPoolAlloc                     0x00001db4   Section        0  rtx_mempool.o(i.os_MemoryPoolAlloc)
    i.os_MemoryPoolFree                      0x00001dde   Section        0  rtx_mempool.o(i.os_MemoryPoolFree)
    i.os_MemoryPoolInit                      0x00001e1c   Section        0  rtx_mempool.o(i.os_MemoryPoolInit)
    i.os_MessageQueuePut                     0x00001e52   Section        0  rtx_msgqueue.o(i.os_MessageQueuePut)
    os_MessageQueuePut                       0x00001e53   Thumb Code    76  rtx_msgqueue.o(i.os_MessageQueuePut)
    i.os_MutexOwnerRelease                   0x00001e9e   Section        0  rtx_mutex.o(i.os_MutexOwnerRelease)
    i.os_PendSV_Handler                      0x00001ee4   Section        0  rtx_system.o(i.os_PendSV_Handler)
    i.os_PostProcess                         0x00001f48   Section        0  rtx_system.o(i.os_PostProcess)
    i.os_SysTimerAckIRQ                      0x00001f84   Section        0  rtx_system.o(i.os_SysTimerAckIRQ)
    i.os_ThreadBlock                         0x00001f90   Section        0  rtx_thread.o(i.os_ThreadBlock)
    i.os_ThreadDelayInsert                   0x00001fc0   Section        0  rtx_thread.o(i.os_ThreadDelayInsert)
    i.os_ThreadDelayRemove                   0x00002028   Section        0  rtx_thread.o(i.os_ThreadDelayRemove)
    i.os_ThreadDelayTick                     0x000020a0   Section        0  rtx_thread.o(i.os_ThreadDelayTick)
    i.os_ThreadDispatch                      0x000020e0   Section        0  rtx_thread.o(i.os_ThreadDispatch)
    i.os_ThreadFlagsCheck                    0x0000214c   Section        0  rtx_thread.o(i.os_ThreadFlagsCheck)
    os_ThreadFlagsCheck                      0x0000214d   Thumb Code    86  rtx_thread.o(i.os_ThreadFlagsCheck)
    i.os_ThreadFree                          0x000021a4   Section        0  rtx_thread.o(i.os_ThreadFree)
    os_ThreadFree                            0x000021a5   Thumb Code    92  rtx_thread.o(i.os_ThreadFree)
    i.os_ThreadGetRunning                    0x00002204   Section        0  rtx_thread.o(i.os_ThreadGetRunning)
    os_ThreadGetRunning                      0x00002205   Thumb Code     6  rtx_thread.o(i.os_ThreadGetRunning)
    i.os_ThreadListGet                       0x00002210   Section        0  rtx_thread.o(i.os_ThreadListGet)
    i.os_ThreadListPut                       0x00002228   Section        0  rtx_thread.o(i.os_ThreadListPut)
    i.os_ThreadListRemove                    0x00002256   Section        0  rtx_thread.o(i.os_ThreadListRemove)
    i.os_ThreadPostProcess                   0x00002270   Section        0  rtx_thread.o(i.os_ThreadPostProcess)
    i.os_ThreadReadyPut                      0x000022a8   Section        0  rtx_thread.o(i.os_ThreadReadyPut)
    i.os_ThreadRegPtr                        0x000022c0   Section        0  rtx_thread.o(i.os_ThreadRegPtr)
    i.os_ThreadSetRunning                    0x000022d8   Section        0  rtx_thread.o(i.os_ThreadSetRunning)
    os_ThreadSetRunning                      0x000022d9   Thumb Code     6  rtx_thread.o(i.os_ThreadSetRunning)
    i.os_ThreadStackCheck                    0x000022e4   Section        0  rtx_thread.o(i.os_ThreadStackCheck)
    i.os_ThreadSwitch                        0x00002310   Section        0  rtx_thread.o(i.os_ThreadSwitch)
    i.os_ThreadWaitEnter                     0x00002328   Section        0  rtx_thread.o(i.os_ThreadWaitEnter)
    i.os_ThreadWaitExit                      0x00002378   Section        0  rtx_thread.o(i.os_ThreadWaitExit)
    i.os_Tick_Handler                        0x000023a8   Section        0  rtx_system.o(i.os_Tick_Handler)
    i.os_TimerInsert                         0x00002440   Section        0  rtx_timer.o(i.os_TimerInsert)
    os_TimerInsert                           0x00002441   Thumb Code    58  rtx_timer.o(i.os_TimerInsert)
    i.os_TimerTick                           0x00002480   Section        0  rtx_timer.o(i.os_TimerTick)
    i.os_TimerUnlink                         0x000024dc   Section        0  rtx_timer.o(i.os_TimerUnlink)
    os_TimerUnlink                           0x000024dd   Thumb Code    18  rtx_timer.o(i.os_TimerUnlink)
    i.os_isrMessageQueuePut                  0x000024f4   Section        0  rtx_msgqueue.o(i.os_isrMessageQueuePut)
    os_isrMessageQueuePut                    0x000024f5   Thumb Code   126  rtx_msgqueue.o(i.os_isrMessageQueuePut)
    i.os_isr_queue_get                       0x00002574   Section        0  rtx_system.o(i.os_isr_queue_get)
    os_isr_queue_get                         0x00002575   Thumb Code    44  rtx_system.o(i.os_isr_queue_get)
    i.os_isr_queue_put                       0x000025a4   Section        0  rtx_system.o(i.os_isr_queue_put)
    os_isr_queue_put                         0x000025a5   Thumb Code    56  rtx_system.o(i.os_isr_queue_put)
    i.os_svcKernelInitialize                 0x000025e0   Section        0  rtx_kernel.o(i.os_svcKernelInitialize)
    i.os_svcMessageQueuePut                  0x00002884   Section        0  rtx_msgqueue.o(i.os_svcMessageQueuePut)
    i.os_svcThreadExit                       0x00002964   Section        0  rtx_thread.o(i.os_svcThreadExit)
    i.os_svcThreadNew                        0x000029e0   Section        0  rtx_thread.o(i.os_svcThreadNew)
    i.putChar_UART0                          0x00002be0   Section        0  utils.o(i.putChar_UART0)
    i.readKeypad                             0x00002bf8   Section        0  utils.o(i.readKeypad)
    i.serialWrite                            0x00002d18   Section        0  utils.o(i.serialWrite)
    x$fpl$fpinit                             0x00002d2e   Section       10  fpinit.o(x$fpl$fpinit)
    $v0                                      0x00002d2e   Number         0  fpinit.o(x$fpl$fpinit)
    .constdata                               0x00002d38   Section      204  rtx_config.o(.constdata)
    os_idle_thread_attr                      0x00002d38   Data          36  rtx_config.o(.constdata)
    os_timer_thread_attr                     0x00002d5c   Data          36  rtx_config.o(.constdata)
    os_timer_mq_attr                         0x00002d80   Data          24  rtx_config.o(.constdata)
    .constdata                               0x00002e04   Section       25  fsl_edma_common.o(.constdata)
    .conststrlit                             0x00002e20   Section       11  rtx_kernel.o(.conststrlit)
    .bss.os                                  0x20000000   Section     4656  rtx_config.o(.bss.os)
    os_mem                                   0x20000000   Data        4096  rtx_config.o(.bss.os)
    os_isr_queue                             0x20001000   Data          64  rtx_config.o(.bss.os)
    os_libspace                              0x20001040   Data         480  rtx_config.o(.bss.os)
    os_libspace_id                           0x20001220   Data          16  rtx_config.o(.bss.os)
    .bss.os.msgqueue.cb                      0x20001230   Section       52  rtx_config.o(.bss.os.msgqueue.cb)
    os_timer_mq_cb                           0x20001230   Data          52  rtx_config.o(.bss.os.msgqueue.cb)
    .bss.os.msgqueue.mem                     0x20001264   Section       80  rtx_config.o(.bss.os.msgqueue.mem)
    os_timer_mq_data                         0x20001264   Data          80  rtx_config.o(.bss.os.msgqueue.mem)
    .bss.os.thread.cb                        0x200012b4   Section      128  rtx_config.o(.bss.os.thread.cb)
    os_idle_thread_cb                        0x200012b4   Data          64  rtx_config.o(.bss.os.thread.cb)
    os_timer_thread_cb                       0x200012f4   Data          64  rtx_config.o(.bss.os.thread.cb)
    .bss.os.thread.stack                     0x20001338   Section      400  rtx_config.o(.bss.os.thread.stack)
    os_idle_thread_stack                     0x20001338   Data         200  rtx_config.o(.bss.os.thread.stack)
    os_timer_thread_stack                    0x20001400   Data         200  rtx_config.o(.bss.os.thread.stack)
    .data                                    0x200014c8   Section       20  main.o(.data)
    .data                                    0x200014dc   Section        2  otg_fs_mk64f.o(.data)
    .data                                    0x200014e0   Section       21  usbd_fs_mk64f.o(.data)
    SignalDeviceEvent                        0x200014e0   Data           4  usbd_fs_mk64f.o(.data)
    SignalEndpointEvent                      0x200014e4   Data           4  usbd_fs_mk64f.o(.data)
    usbd_state                               0x200014e8   Data           4  usbd_fs_mk64f.o(.data)
    setup_packet                             0x200014ec   Data           8  usbd_fs_mk64f.o(.data)
    setup_received                           0x200014f4   Data           1  usbd_fs_mk64f.o(.data)
    .data                                    0x200014f8   Section       40  usbh_fs_mk64f.o(.data)
    SignalPortEvent                          0x200014f8   Data           4  usbh_fs_mk64f.o(.data)
    SignalPipeEvent                          0x200014fc   Data           4  usbh_fs_mk64f.o(.data)
    usbh_port_state                          0x20001500   Data           4  usbh_fs_mk64f.o(.data)
    hw_busy                                  0x20001504   Data           1  usbh_fs_mk64f.o(.data)
    hw_access                                0x20001505   Data           1  usbh_fs_mk64f.o(.data)
    active_bd_index                          0x20001506   Data           1  usbh_fs_mk64f.o(.data)
    last_rx_bd_odd                           0x20001507   Data           1  usbh_fs_mk64f.o(.data)
    last_tx_bd_odd                           0x20001508   Data           1  usbh_fs_mk64f.o(.data)
    ptr_current_transfer_pipe                0x2000150c   Data           4  usbh_fs_mk64f.o(.data)
    configured_pipe                          0x20001510   Data           4  usbh_fs_mk64f.o(.data)
    int_pipe_pending                         0x20001514   Data           4  usbh_fs_mk64f.o(.data)
    ctrl_pipe_pending                        0x20001518   Data           4  usbh_fs_mk64f.o(.data)
    bulk_pipe_pending                        0x2000151c   Data           4  usbh_fs_mk64f.o(.data)
    .data                                    0x20001520   Section        4  fsl_edma_driver.o(.data)
    .data.os                                 0x20001528   Section      168  rtx_kernel.o(.data.os)
    .bss                                     0x20001600   Section     3328  usbd_fs_mk64f.o(.bss)
    bd                                       0x20001600   Data         512  usbd_fs_mk64f.o(.bss)
    ep_in_data                               0x20001800   Data        2048  usbd_fs_mk64f.o(.bss)
    ep                                       0x20002000   Data         768  usbd_fs_mk64f.o(.bss)
    .bss                                     0x20002400   Section      544  usbh_fs_mk64f.o(.bss)
    bd                                       0x20002400   Data          32  usbh_fs_mk64f.o(.bss)
    pipe                                     0x20002420   Data         512  usbh_fs_mk64f.o(.bss)

    Global Symbols

    Symbol Name                              Value     Ov Type        Size  Object(Section)

    BuildAttributes$$THM_ISAv4$E$P$D$K$B$S$7EM$VFPi3$EXTD16$VFPS$VFMA$PE$A:L22UL41UL21$X:L11$S22US41US21$IEEE1$IW$USESV6$~STKCKD$USESV7$~SHL$OTIME$ROPI$EBA8$UX$STANDARDLIB$REQ8$PRES8$EABIv2 0x00000000   Number         0  anon$$obj.o ABSOLUTE
    Image$$VECTOR_RAM$$Base                  0x00000000   Number         0  anon$$obj.o ABSOLUTE
    Image$$VECTOR_ROM$$Base                  0x00000000   Number         0  anon$$obj.o ABSOLUTE
    __ARM_use_no_argv                        0x00000000   Number         0  main.o ABSOLUTE
    __Vectors                                0x00000000   Data           4  startup_mk64f12.o(RESET)
    Image$$ZI$$Limit                          - Undefined Weak Reference
    __ARM_exceptions_init                     - Undefined Weak Reference
    __alloca_initialize                       - Undefined Weak Reference
    __arm_preinit_                            - Undefined Weak Reference
    __cpp_initialize__aeabi_                  - Undefined Weak Reference
    __cxa_finalize                            - Undefined Weak Reference
    __rt_locale                               - Undefined Weak Reference
    __sigvec_lookup                           - Undefined Weak Reference
    __user_heap_extent                        - Undefined Weak Reference
    _atexit_init                              - Undefined Weak Reference
    _call_atexit_fns                          - Undefined Weak Reference
    _clock_init                               - Undefined Weak Reference
    _fp_trap_init                             - Undefined Weak Reference
    _fp_trap_shutdown                         - Undefined Weak Reference
    _get_lc_collate                           - Undefined Weak Reference
    _get_lc_ctype                             - Undefined Weak Reference
    _get_lc_monetary                          - Undefined Weak Reference
    _get_lc_numeric                           - Undefined Weak Reference
    _get_lc_time                              - Undefined Weak Reference
    _getenv_init                              - Undefined Weak Reference
    _handle_redirection                       - Undefined Weak Reference
    _initio                                   - Undefined Weak Reference
    _rand_init                                - Undefined Weak Reference
    _signal_finish                            - Undefined Weak Reference
    _signal_init                              - Undefined Weak Reference
    _terminateio                              - Undefined Weak Reference
    __Vectors_End                            0x00000400   Data           0  startup_mk64f12.o(RESET)
    __Vectors_Size                           0x00000400   Number         0  startup_mk64f12.o ABSOLUTE
    __main                                   0x00000411   Thumb Code     8  __main.o(!!!main)
    __scatterload                            0x00000419   Thumb Code     0  __scatter.o(!!!scatter)
    __scatterload_rt2                        0x00000419   Thumb Code    44  __scatter.o(!!!scatter)
    __scatterload_rt2_thumb_only             0x00000419   Thumb Code     0  __scatter.o(!!!scatter)
    __scatterload_null                       0x00000427   Thumb Code     0  __scatter.o(!!!scatter)
    __decompress                             0x0000044d   Thumb Code    58  __dczerorl.o(!!dczerorl)
    __decompress0                            0x0000044d   Thumb Code     0  __dczerorl.o(!!dczerorl)
    __scatterload_zeroinit                   0x00000489   Thumb Code    28  __scatter_zi.o(!!handler_zi)
    __rt_lib_init                            0x000004a5   Thumb Code     0  libinit.o(.ARM.Collect$$libinit$$00000000)
    __rt_lib_init_fp_1                       0x000004a7   Thumb Code     0  libinit2.o(.ARM.Collect$$libinit$$00000001)
    __rt_lib_init_alloca_1                   0x000004ab   Thumb Code     0  libinit2.o(.ARM.Collect$$libinit$$0000002E)
    __rt_lib_init_argv_1                     0x000004ab   Thumb Code     0  libinit2.o(.ARM.Collect$$libinit$$0000002C)
    __rt_lib_init_atexit_1                   0x000004ab   Thumb Code     0  libinit2.o(.ARM.Collect$$libinit$$0000001B)
    __rt_lib_init_clock_1                    0x000004ab   Thumb Code     0  libinit2.o(.ARM.Collect$$libinit$$00000021)
    __rt_lib_init_cpp_1                      0x000004ab   Thumb Code     0  libinit2.o(.ARM.Collect$$libinit$$00000032)
    __rt_lib_init_exceptions_1               0x000004ab   Thumb Code     0  libinit2.o(.ARM.Collect$$libinit$$00000030)
    __rt_lib_init_fp_trap_1                  0x000004ab   Thumb Code     0  libinit2.o(.ARM.Collect$$libinit$$0000001F)
    __rt_lib_init_getenv_1                   0x000004ab   Thumb Code     0  libinit2.o(.ARM.Collect$$libinit$$00000023)
    __rt_lib_init_heap_1                     0x000004ab   Thumb Code     0  libinit2.o(.ARM.Collect$$libinit$$0000000A)
    __rt_lib_init_lc_collate_1               0x000004ab   Thumb Code     0  libinit2.o(.ARM.Collect$$libinit$$00000011)
    __rt_lib_init_lc_ctype_1                 0x000004ab   Thumb Code     0  libinit2.o(.ARM.Collect$$libinit$$00000013)
    __rt_lib_init_lc_monetary_1              0x000004ab   Thumb Code     0  libinit2.o(.ARM.Collect$$libinit$$00000015)
    __rt_lib_init_lc_numeric_1               0x000004ab   Thumb Code     0  libinit2.o(.ARM.Collect$$libinit$$00000017)
    __rt_lib_init_lc_time_1                  0x000004ab   Thumb Code     0  libinit2.o(.ARM.Collect$$libinit$$00000019)
    __rt_lib_init_preinit_1                  0x000004ab   Thumb Code     0  libinit2.o(.ARM.Collect$$libinit$$00000004)
    __rt_lib_init_rand_1                     0x000004ab   Thumb Code     0  libinit2.o(.ARM.Collect$$libinit$$0000000E)
    __rt_lib_init_return                     0x000004ab   Thumb Code     0  libinit2.o(.ARM.Collect$$libinit$$00000033)
    __rt_lib_init_signal_1                   0x000004ab   Thumb Code     0  libinit2.o(.ARM.Collect$$libinit$$0000001D)
    __rt_lib_init_stdio_1                    0x000004ab   Thumb Code     0  libinit2.o(.ARM.Collect$$libinit$$00000025)
    __rt_lib_init_user_alloc_1               0x000004ab   Thumb Code     0  libinit2.o(.ARM.Collect$$libinit$$0000000C)
    __rt_lib_shutdown                        0x000004ad   Thumb Code     0  libshutdown.o(.ARM.Collect$$libshutdown$$00000000)
    __rt_lib_shutdown_cpp_1                  0x000004af   Thumb Code     0  libshutdown2.o(.ARM.Collect$$libshutdown$$00000002)
    __rt_lib_shutdown_fp_trap_1              0x000004af   Thumb Code     0  libshutdown2.o(.ARM.Collect$$libshutdown$$00000007)
    __rt_lib_shutdown_heap_1                 0x000004af   Thumb Code     0  libshutdown2.o(.ARM.Collect$$libshutdown$$0000000F)
    __rt_lib_shutdown_return                 0x000004af   Thumb Code     0  libshutdown2.o(.ARM.Collect$$libshutdown$$00000010)
    __rt_lib_shutdown_signal_1               0x000004af   Thumb Code     0  libshutdown2.o(.ARM.Collect$$libshutdown$$0000000A)
    __rt_lib_shutdown_stdio_1                0x000004af   Thumb Code     0  libshutdown2.o(.ARM.Collect$$libshutdown$$00000004)
    __rt_lib_shutdown_user_alloc_1           0x000004af   Thumb Code     0  libshutdown2.o(.ARM.Collect$$libshutdown$$0000000C)
    __rt_entry                               0x000004b1   Thumb Code     0  __rtentry.o(.ARM.Collect$$rtentry$$00000000)
    __rt_entry_presh_1                       0x000004b1   Thumb Code     0  __rtentry2.o(.ARM.Collect$$rtentry$$00000002)
    __rt_entry_sh                            0x000004b1   Thumb Code     0  __rtentry7.o(.ARM.Collect$$rtentry$$00000007)
    __rt_entry_postsh_1                      0x000004b5   Thumb Code     0  __rtentry2.o(.ARM.Collect$$rtentry$$00000008)
    __rt_entry_li                            0x000004bd   Thumb Code     0  __rtentry2.o(.ARM.Collect$$rtentry$$0000000A)
    __rt_entry_main                          0x000004c1   Thumb Code     0  __rtentry2.o(.ARM.Collect$$rtentry$$0000000D)
    __rt_entry_postli_1                      0x000004c1   Thumb Code     0  __rtentry2.o(.ARM.Collect$$rtentry$$0000000C)
    __rt_exit                                0x000004cd   Thumb Code     0  rtexit.o(.ARM.Collect$$rtexit$$00000000)
    __rt_exit_ls                             0x000004cf   Thumb Code     0  rtexit2.o(.ARM.Collect$$rtexit$$00000003)
    __rt_exit_prels_1                        0x000004cf   Thumb Code     0  rtexit2.o(.ARM.Collect$$rtexit$$00000002)
    __rt_exit_exit                           0x000004d3   Thumb Code     0  rtexit2.o(.ARM.Collect$$rtexit$$00000004)
    __asm___13_rtx_mempool_c_a47f08a9__os_exc_wr8 0x000004d9   Thumb Code    16  rtx_mempool.o(.emb_text)
    __asm___13_rtx_mempool_c_a47f08a9__os_exc_set32 0x000004e9   Thumb Code    20  rtx_mempool.o(.emb_text)
    __asm___13_rtx_mempool_c_a47f08a9__os_exc_clr32 0x000004fd   Thumb Code    22  rtx_mempool.o(.emb_text)
    __asm___13_rtx_mempool_c_a47f08a9__os_exc_chk32_all 0x00000513   Thumb Code    38  rtx_mempool.o(.emb_text)
    __asm___13_rtx_mempool_c_a47f08a9__os_exc_chk32_any 0x00000539   Thumb Code    34  rtx_mempool.o(.emb_text)
    __asm___13_rtx_mempool_c_a47f08a9__os_exc_inc32 0x0000055b   Thumb Code    18  rtx_mempool.o(.emb_text)
    __asm___13_rtx_mempool_c_a47f08a9__os_exc_inc32_lt 0x0000056d   Thumb Code    30  rtx_mempool.o(.emb_text)
    __asm___13_rtx_mempool_c_a47f08a9__os_exc_inc16_lt 0x0000058b   Thumb Code    30  rtx_mempool.o(.emb_text)
    __asm___13_rtx_mempool_c_a47f08a9__os_exc_inc16_lim 0x000005a9   Thumb Code    26  rtx_mempool.o(.emb_text)
    __asm___13_rtx_mempool_c_a47f08a9__os_exc_dec32_nz 0x000005c3   Thumb Code    26  rtx_mempool.o(.emb_text)
    __asm___13_rtx_mempool_c_a47f08a9__os_exc_dec16_nz 0x000005dd   Thumb Code    26  rtx_mempool.o(.emb_text)
    __asm___13_rtx_mempool_c_a47f08a9__os_exc_link_get 0x000005f7   Thumb Code    26  rtx_mempool.o(.emb_text)
    __asm___13_rtx_mempool_c_a47f08a9__os_exc_link_put 0x00000611   Thumb Code    28  rtx_mempool.o(.emb_text)
    __asm___14_rtx_msgqueue_c_0d3a3b3e__os_exc_wr8 0x0000062d   Thumb Code    16  rtx_msgqueue.o(.emb_text)
    __asm___14_rtx_msgqueue_c_0d3a3b3e__os_exc_set32 0x0000063d   Thumb Code    20  rtx_msgqueue.o(.emb_text)
    __asm___14_rtx_msgqueue_c_0d3a3b3e__os_exc_clr32 0x00000651   Thumb Code    22  rtx_msgqueue.o(.emb_text)
    __asm___14_rtx_msgqueue_c_0d3a3b3e__os_exc_chk32_all 0x00000667   Thumb Code    38  rtx_msgqueue.o(.emb_text)
    __asm___14_rtx_msgqueue_c_0d3a3b3e__os_exc_chk32_any 0x0000068d   Thumb Code    34  rtx_msgqueue.o(.emb_text)
    __asm___14_rtx_msgqueue_c_0d3a3b3e__os_exc_inc32 0x000006af   Thumb Code    18  rtx_msgqueue.o(.emb_text)
    __asm___14_rtx_msgqueue_c_0d3a3b3e__os_exc_inc32_lt 0x000006c1   Thumb Code    30  rtx_msgqueue.o(.emb_text)
    __asm___14_rtx_msgqueue_c_0d3a3b3e__os_exc_inc16_lt 0x000006df   Thumb Code    30  rtx_msgqueue.o(.emb_text)
    __asm___14_rtx_msgqueue_c_0d3a3b3e__os_exc_inc16_lim 0x000006fd   Thumb Code    26  rtx_msgqueue.o(.emb_text)
    __asm___14_rtx_msgqueue_c_0d3a3b3e__os_exc_dec32_nz 0x00000717   Thumb Code    26  rtx_msgqueue.o(.emb_text)
    __asm___14_rtx_msgqueue_c_0d3a3b3e__os_exc_dec16_nz 0x00000731   Thumb Code    26  rtx_msgqueue.o(.emb_text)
    __asm___14_rtx_msgqueue_c_0d3a3b3e__os_exc_link_get 0x0000074b   Thumb Code    26  rtx_msgqueue.o(.emb_text)
    __asm___14_rtx_msgqueue_c_0d3a3b3e__os_exc_link_put 0x00000765   Thumb Code    28  rtx_msgqueue.o(.emb_text)
    __asm___12_rtx_system_c_c4d38ac2__os_exc_wr8 0x00000781   Thumb Code    16  rtx_system.o(.emb_text)
    __asm___12_rtx_system_c_c4d38ac2__os_exc_set32 0x00000791   Thumb Code    20  rtx_system.o(.emb_text)
    __asm___12_rtx_system_c_c4d38ac2__os_exc_clr32 0x000007a5   Thumb Code    22  rtx_system.o(.emb_text)
    __asm___12_rtx_system_c_c4d38ac2__os_exc_chk32_all 0x000007bb   Thumb Code    38  rtx_system.o(.emb_text)
    __asm___12_rtx_system_c_c4d38ac2__os_exc_chk32_any 0x000007e1   Thumb Code    34  rtx_system.o(.emb_text)
    __asm___12_rtx_system_c_c4d38ac2__os_exc_inc32 0x00000803   Thumb Code    18  rtx_system.o(.emb_text)
    __asm___12_rtx_system_c_c4d38ac2__os_exc_inc32_lt 0x00000815   Thumb Code    30  rtx_system.o(.emb_text)
    __asm___12_rtx_system_c_c4d38ac2__os_exc_inc16_lt 0x00000833   Thumb Code    30  rtx_system.o(.emb_text)
    __asm___12_rtx_system_c_c4d38ac2__os_exc_inc16_lim 0x00000851   Thumb Code    26  rtx_system.o(.emb_text)
    __asm___12_rtx_system_c_c4d38ac2__os_exc_dec32_nz 0x0000086b   Thumb Code    26  rtx_system.o(.emb_text)
    __asm___12_rtx_system_c_c4d38ac2__os_exc_dec16_nz 0x00000885   Thumb Code    26  rtx_system.o(.emb_text)
    __asm___12_rtx_system_c_c4d38ac2__os_exc_link_get 0x0000089f   Thumb Code    26  rtx_system.o(.emb_text)
    __asm___12_rtx_system_c_c4d38ac2__os_exc_link_put 0x000008b9   Thumb Code    28  rtx_system.o(.emb_text)
    __asm___12_rtx_thread_c_cb19cc8a__os_exc_wr8 0x000008d5   Thumb Code    16  rtx_thread.o(.emb_text)
    __asm___12_rtx_thread_c_cb19cc8a__os_exc_set32 0x000008e5   Thumb Code    20  rtx_thread.o(.emb_text)
    __asm___12_rtx_thread_c_cb19cc8a__os_exc_clr32 0x000008f9   Thumb Code    22  rtx_thread.o(.emb_text)
    __asm___12_rtx_thread_c_cb19cc8a__os_exc_chk32_all 0x0000090f   Thumb Code    38  rtx_thread.o(.emb_text)
    __asm___12_rtx_thread_c_cb19cc8a__os_exc_chk32_any 0x00000935   Thumb Code    34  rtx_thread.o(.emb_text)
    __asm___12_rtx_thread_c_cb19cc8a__os_exc_inc32 0x00000957   Thumb Code    18  rtx_thread.o(.emb_text)
    __asm___12_rtx_thread_c_cb19cc8a__os_exc_inc32_lt 0x00000969   Thumb Code    30  rtx_thread.o(.emb_text)
    __asm___12_rtx_thread_c_cb19cc8a__os_exc_inc16_lt 0x00000987   Thumb Code    30  rtx_thread.o(.emb_text)
    __asm___12_rtx_thread_c_cb19cc8a__os_exc_inc16_lim 0x000009a5   Thumb Code    26  rtx_thread.o(.emb_text)
    __asm___12_rtx_thread_c_cb19cc8a__os_exc_dec32_nz 0x000009bf   Thumb Code    26  rtx_thread.o(.emb_text)
    __asm___12_rtx_thread_c_cb19cc8a__os_exc_dec16_nz 0x000009d9   Thumb Code    26  rtx_thread.o(.emb_text)
    __asm___12_rtx_thread_c_cb19cc8a__os_exc_link_get 0x000009f3   Thumb Code    26  rtx_thread.o(.emb_text)
    __asm___12_rtx_thread_c_cb19cc8a__os_exc_link_put 0x00000a0d   Thumb Code    28  rtx_thread.o(.emb_text)
    SVC_Handler                              0x00000a29   Thumb Code   140  irq_cm4f.o(.text)
    PendSV_Handler                           0x00000ab5   Thumb Code    16  irq_cm4f.o(.text)
    SysTick_Handler                          0x00000ac5   Thumb Code    16  irq_cm4f.o(.text)
    Reset_Handler                            0x00000ae1   Thumb Code    18  startup_mk64f12.o(.text)
    NMI_Handler                              0x00000af3   Thumb Code     2  startup_mk64f12.o(.text)
    HardFault_Handler                        0x00000af5   Thumb Code     2  startup_mk64f12.o(.text)
    MemManage_Handler                        0x00000af7   Thumb Code     2  startup_mk64f12.o(.text)
    BusFault_Handler                         0x00000af9   Thumb Code     2  startup_mk64f12.o(.text)
    UsageFault_Handler                       0x00000afb   Thumb Code     2  startup_mk64f12.o(.text)
    DebugMon_Handler                         0x00000aff   Thumb Code     2  startup_mk64f12.o(.text)
    ADC0_IRQHandler                          0x00000b05   Thumb Code     0  startup_mk64f12.o(.text)
    ADC1_IRQHandler                          0x00000b05   Thumb Code     0  startup_mk64f12.o(.text)
    CAN0_Bus_Off_IRQHandler                  0x00000b05   Thumb Code     0  startup_mk64f12.o(.text)
    CAN0_Error_IRQHandler                    0x00000b05   Thumb Code     0  startup_mk64f12.o(.text)
    CAN0_ORed_Message_buffer_IRQHandler      0x00000b05   Thumb Code     0  startup_mk64f12.o(.text)
    CAN0_Rx_Warning_IRQHandler               0x00000b05   Thumb Code     0  startup_mk64f12.o(.text)
    CAN0_Tx_Warning_IRQHandler               0x00000b05   Thumb Code     0  startup_mk64f12.o(.text)
    CAN0_Wake_Up_IRQHandler                  0x00000b05   Thumb Code     0  startup_mk64f12.o(.text)
    CMP0_IRQHandler                          0x00000b05   Thumb Code     0  startup_mk64f12.o(.text)
    CMP1_IRQHandler                          0x00000b05   Thumb Code     0  startup_mk64f12.o(.text)
    CMP2_IRQHandler                          0x00000b05   Thumb Code     0  startup_mk64f12.o(.text)
    CMT_IRQHandler                           0x00000b05   Thumb Code     0  startup_mk64f12.o(.text)
    DAC0_IRQHandler                          0x00000b05   Thumb Code     0  startup_mk64f12.o(.text)
    DAC1_IRQHandler                          0x00000b05   Thumb Code     0  startup_mk64f12.o(.text)
    DMA_Error_IRQHandler                     0x00000b05   Thumb Code     0  startup_mk64f12.o(.text)
    DefaultISR                               0x00000b05   Thumb Code     0  startup_mk64f12.o(.text)
    ENET_1588_Timer_IRQHandler               0x00000b05   Thumb Code     0  startup_mk64f12.o(.text)
    ENET_Error_IRQHandler                    0x00000b05   Thumb Code     0  startup_mk64f12.o(.text)
    ENET_Receive_IRQHandler                  0x00000b05   Thumb Code     0  startup_mk64f12.o(.text)
    ENET_Transmit_IRQHandler                 0x00000b05   Thumb Code     0  startup_mk64f12.o(.text)
    FTFE_IRQHandler                          0x00000b05   Thumb Code     0  startup_mk64f12.o(.text)
    FTM0_IRQHandler                          0x00000b05   Thumb Code     0  startup_mk64f12.o(.text)
    FTM1_IRQHandler                          0x00000b05   Thumb Code     0  startup_mk64f12.o(.text)
    FTM2_IRQHandler                          0x00000b05   Thumb Code     0  startup_mk64f12.o(.text)
    FTM3_IRQHandler                          0x00000b05   Thumb Code     0  startup_mk64f12.o(.text)
    I2C0_IRQHandler                          0x00000b05   Thumb Code     0  startup_mk64f12.o(.text)
    I2C1_IRQHandler                          0x00000b05   Thumb Code     0  startup_mk64f12.o(.text)
    I2C2_IRQHandler                          0x00000b05   Thumb Code     0  startup_mk64f12.o(.text)
    I2S0_Rx_IRQHandler                       0x00000b05   Thumb Code     0  startup_mk64f12.o(.text)
    I2S0_Tx_IRQHandler                       0x00000b05   Thumb Code     0  startup_mk64f12.o(.text)
    LLWU_IRQHandler                          0x00000b05   Thumb Code     0  startup_mk64f12.o(.text)
    LPTMR0_IRQHandler                        0x00000b05   Thumb Code     0  startup_mk64f12.o(.text)
    LVD_LVW_IRQHandler                       0x00000b05   Thumb Code     0  startup_mk64f12.o(.text)
    MCG_IRQHandler                           0x00000b05   Thumb Code     0  startup_mk64f12.o(.text)
    MCM_IRQHandler                           0x00000b05   Thumb Code     0  startup_mk64f12.o(.text)
    PDB0_IRQHandler                          0x00000b05   Thumb Code     0  startup_mk64f12.o(.text)
    PIT0_IRQHandler                          0x00000b05   Thumb Code     0  startup_mk64f12.o(.text)
    PIT1_IRQHandler                          0x00000b05   Thumb Code     0  startup_mk64f12.o(.text)
    PIT2_IRQHandler                          0x00000b05   Thumb Code     0  startup_mk64f12.o(.text)
    PIT3_IRQHandler                          0x00000b05   Thumb Code     0  startup_mk64f12.o(.text)
    PORTA_IRQHandler                         0x00000b05   Thumb Code     0  startup_mk64f12.o(.text)
    PORTB_IRQHandler                         0x00000b05   Thumb Code     0  startup_mk64f12.o(.text)
    PORTC_IRQHandler                         0x00000b05   Thumb Code     0  startup_mk64f12.o(.text)
    PORTD_IRQHandler                         0x00000b05   Thumb Code     0  startup_mk64f12.o(.text)
    PORTE_IRQHandler                         0x00000b05   Thumb Code     0  startup_mk64f12.o(.text)
    RNG_IRQHandler                           0x00000b05   Thumb Code     0  startup_mk64f12.o(.text)
    RTC_IRQHandler                           0x00000b05   Thumb Code     0  startup_mk64f12.o(.text)
    RTC_Seconds_IRQHandler                   0x00000b05   Thumb Code     0  startup_mk64f12.o(.text)
    Read_Collision_IRQHandler                0x00000b05   Thumb Code     0  startup_mk64f12.o(.text)
    Reserved71_IRQHandler                    0x00000b05   Thumb Code     0  startup_mk64f12.o(.text)
    SDHC_IRQHandler                          0x00000b05   Thumb Code     0  startup_mk64f12.o(.text)
    SPI0_IRQHandler                          0x00000b05   Thumb Code     0  startup_mk64f12.o(.text)
    SPI1_IRQHandler                          0x00000b05   Thumb Code     0  startup_mk64f12.o(.text)
    SPI2_IRQHandler                          0x00000b05   Thumb Code     0  startup_mk64f12.o(.text)
    SWI_IRQHandler                           0x00000b05   Thumb Code     0  startup_mk64f12.o(.text)
    UART0_ERR_IRQHandler                     0x00000b05   Thumb Code     0  startup_mk64f12.o(.text)
    UART0_LON_IRQHandler                     0x00000b05   Thumb Code     0  startup_mk64f12.o(.text)
    UART0_RX_TX_IRQHandler                   0x00000b05   Thumb Code     0  startup_mk64f12.o(.text)
    UART1_ERR_IRQHandler                     0x00000b05   Thumb Code     0  startup_mk64f12.o(.text)
    UART1_RX_TX_IRQHandler                   0x00000b05   Thumb Code     0  startup_mk64f12.o(.text)
    UART2_ERR_IRQHandler                     0x00000b05   Thumb Code     0  startup_mk64f12.o(.text)
    UART2_RX_TX_IRQHandler                   0x00000b05   Thumb Code     0  startup_mk64f12.o(.text)
    UART3_ERR_IRQHandler                     0x00000b05   Thumb Code     0  startup_mk64f12.o(.text)
    UART3_RX_TX_IRQHandler                   0x00000b05   Thumb Code     0  startup_mk64f12.o(.text)
    UART4_ERR_IRQHandler                     0x00000b05   Thumb Code     0  startup_mk64f12.o(.text)
    UART4_RX_TX_IRQHandler                   0x00000b05   Thumb Code     0  startup_mk64f12.o(.text)
    UART5_ERR_IRQHandler                     0x00000b05   Thumb Code     0  startup_mk64f12.o(.text)
    UART5_RX_TX_IRQHandler                   0x00000b05   Thumb Code     0  startup_mk64f12.o(.text)
    USBDCD_IRQHandler                        0x00000b05   Thumb Code     0  startup_mk64f12.o(.text)
    WDOG_EWM_IRQHandler                      0x00000b05   Thumb Code     0  startup_mk64f12.o(.text)
    __aeabi_memcpy                           0x00000b19   Thumb Code     0  rt_memcpy_v6.o(.text)
    __rt_memcpy                              0x00000b19   Thumb Code   138  rt_memcpy_v6.o(.text)
    _memcpy_lastbytes                        0x00000b7f   Thumb Code     0  rt_memcpy_v6.o(.text)
    __aeabi_memclr4                          0x00000ba3   Thumb Code     0  rt_memclr_w.o(.text)
    __aeabi_memclr8                          0x00000ba3   Thumb Code     0  rt_memclr_w.o(.text)
    __rt_memclr_w                            0x00000ba3   Thumb Code    78  rt_memclr_w.o(.text)
    _memset_w                                0x00000ba7   Thumb Code     0  rt_memclr_w.o(.text)
    __aeabi_memcpy4                          0x00000bf1   Thumb Code     0  rt_memcpy_w.o(.text)
    __aeabi_memcpy8                          0x00000bf1   Thumb Code     0  rt_memcpy_w.o(.text)
    __rt_memcpy_w                            0x00000bf1   Thumb Code   100  rt_memcpy_w.o(.text)
    _memcpy_lastbytes_aligned                0x00000c39   Thumb Code     0  rt_memcpy_w.o(.text)
    _sys_exit                                0x00000c55   Thumb Code     8  sys_exit.o(.text)
    __I$use$semihosting                      0x00000c61   Thumb Code     0  use_no_semi.o(.text)
    __use_no_semihosting_swi                 0x00000c61   Thumb Code     2  use_no_semi.o(.text)
    __semihosting_library_function           0x00000c63   Thumb Code     0  indicate_semi.o(.text)
    exit                                     0x00000c63   Thumb Code    18  exit.o(.text)
    DMA0_IRQHandler                          0x00000c75   Thumb Code    10  fsl_edma_irq.o(i.DMA0_IRQHandler)
    DMA10_IRQHandler                         0x00000c7f   Thumb Code    10  fsl_edma_irq.o(i.DMA10_IRQHandler)
    DMA11_IRQHandler                         0x00000c89   Thumb Code    10  fsl_edma_irq.o(i.DMA11_IRQHandler)
    DMA12_IRQHandler                         0x00000c93   Thumb Code    10  fsl_edma_irq.o(i.DMA12_IRQHandler)
    DMA13_IRQHandler                         0x00000c9d   Thumb Code    10  fsl_edma_irq.o(i.DMA13_IRQHandler)
    DMA14_IRQHandler                         0x00000ca7   Thumb Code    10  fsl_edma_irq.o(i.DMA14_IRQHandler)
    DMA15_IRQHandler                         0x00000cb1   Thumb Code    10  fsl_edma_irq.o(i.DMA15_IRQHandler)
    DMA1_IRQHandler                          0x00000cbb   Thumb Code    10  fsl_edma_irq.o(i.DMA1_IRQHandler)
    DMA2_IRQHandler                          0x00000cc5   Thumb Code    10  fsl_edma_irq.o(i.DMA2_IRQHandler)
    DMA3_IRQHandler                          0x00000ccf   Thumb Code    10  fsl_edma_irq.o(i.DMA3_IRQHandler)
    DMA4_IRQHandler                          0x00000cd9   Thumb Code    10  fsl_edma_irq.o(i.DMA4_IRQHandler)
    DMA5_IRQHandler                          0x00000ce3   Thumb Code    10  fsl_edma_irq.o(i.DMA5_IRQHandler)
    DMA6_IRQHandler                          0x00000ced   Thumb Code    10  fsl_edma_irq.o(i.DMA6_IRQHandler)
    DMA7_IRQHandler                          0x00000cf7   Thumb Code    10  fsl_edma_irq.o(i.DMA7_IRQHandler)
    DMA8_IRQHandler                          0x00000d01   Thumb Code    10  fsl_edma_irq.o(i.DMA8_IRQHandler)
    DMA9_IRQHandler                          0x00000d0b   Thumb Code    10  fsl_edma_irq.o(i.DMA9_IRQHandler)
    EDMA_DRV_IRQHandler                      0x00000d49   Thumb Code    38  fsl_edma_driver.o(i.EDMA_DRV_IRQHandler)
    GPIO_Initialize                          0x00000d75   Thumb Code   352  utils.o(i.GPIO_Initialize)
    SystemInit                               0x00000ef5   Thumb Code    34  system_mk64f12.o(i.SystemInit)
    USB0_IRQHandler                          0x00000f21   Thumb Code    32  otg_fs_mk64f.o(i.USB0_IRQHandler)
    USBD_FS_IRQ                              0x00000f45   Thumb Code   698  usbd_fs_mk64f.o(i.USBD_FS_IRQ)
    USBH_FS_IRQ                              0x00001411   Thumb Code  1182  usbh_fs_mk64f.o(i.USBH_FS_IRQ)
    _platform_post_stackheap_init            0x00001a7f   Thumb Code     8  rtx_config.o(i._platform_post_stackheap_init)
    delay                                    0x00001a89   Thumb Code    14  utils.o(i.delay)
    fetchRFIDTag                             0x00001a9d   Thumb Code    80  utils.o(i.fetchRFIDTag)
    getChar_UART3                            0x00001af5   Thumb Code    20  utils.o(i.getChar_UART3)
    init_data_bss                            0x00001b0d   Thumb Code    54  startup.o(i.init_data_bss)
    main                                     0x00001b55   Thumb Code   120  main.o(i.main)
    osKernelInitialize                       0x00001bfd   Thumb Code    54  rtx_kernel.o(i.osKernelInitialize)
    osMessageQueuePut                        0x00001c39   Thumb Code    66  rtx_msgqueue.o(i.osMessageQueuePut)
    osThreadExit                             0x00001c81   Thumb Code    14  rtx_thread.o(i.osThreadExit)
    os_Error                                 0x00001c95   Thumb Code    32  rtx_config.o(i.os_Error)
    os_IdleThread                            0x00001cb5   Thumb Code     4  rtx_config.o(i.os_IdleThread)
    os_MemoryAlloc                           0x00001cc5   Thumb Code   116  rtx_memory.o(i.os_MemoryAlloc)
    os_MemoryFree                            0x00001d39   Thumb Code    68  rtx_memory.o(i.os_MemoryFree)
    os_MemoryInit                            0x00001d7d   Thumb Code    56  rtx_memory.o(i.os_MemoryInit)
    os_MemoryPoolAlloc                       0x00001db5   Thumb Code    42  rtx_mempool.o(i.os_MemoryPoolAlloc)
    os_MemoryPoolFree                        0x00001ddf   Thumb Code    62  rtx_mempool.o(i.os_MemoryPoolFree)
    os_MemoryPoolInit                        0x00001e1d   Thumb Code    54  rtx_mempool.o(i.os_MemoryPoolInit)
    os_MutexOwnerRelease                     0x00001e9f   Thumb Code    68  rtx_mutex.o(i.os_MutexOwnerRelease)
    os_PendSV_Handler                        0x00001ee5   Thumb Code    96  rtx_system.o(i.os_PendSV_Handler)
    os_PostProcess                           0x00001f49   Thumb Code    50  rtx_system.o(i.os_PostProcess)
    os_SysTimerAckIRQ                        0x00001f85   Thumb Code    10  rtx_system.o(i.os_SysTimerAckIRQ)
    os_ThreadBlock                           0x00001f91   Thumb Code    42  rtx_thread.o(i.os_ThreadBlock)
    os_ThreadDelayInsert                     0x00001fc1   Thumb Code   100  rtx_thread.o(i.os_ThreadDelayInsert)
    os_ThreadDelayRemove                     0x00002029   Thumb Code   116  rtx_thread.o(i.os_ThreadDelayRemove)
    os_ThreadDelayTick                       0x000020a1   Thumb Code    58  rtx_thread.o(i.os_ThreadDelayTick)
    os_ThreadDispatch                        0x000020e1   Thumb Code   102  rtx_thread.o(i.os_ThreadDispatch)
    os_ThreadListGet                         0x00002211   Thumb Code    24  rtx_thread.o(i.os_ThreadListGet)
    os_ThreadListPut                         0x00002229   Thumb Code    46  rtx_thread.o(i.os_ThreadListPut)
    os_ThreadListRemove                      0x00002257   Thumb Code    26  rtx_thread.o(i.os_ThreadListRemove)
    os_ThreadPostProcess                     0x00002271   Thumb Code    54  rtx_thread.o(i.os_ThreadPostProcess)
    os_ThreadReadyPut                        0x000022a9   Thumb Code    18  rtx_thread.o(i.os_ThreadReadyPut)
    os_ThreadRegPtr                          0x000022c1   Thumb Code    24  rtx_thread.o(i.os_ThreadRegPtr)
    os_ThreadStackCheck                      0x000022e5   Thumb Code    38  rtx_thread.o(i.os_ThreadStackCheck)
    os_ThreadSwitch                          0x00002311   Thumb Code    18  rtx_thread.o(i.os_ThreadSwitch)
    os_ThreadWaitEnter                       0x00002329   Thumb Code    76  rtx_thread.o(i.os_ThreadWaitEnter)
    os_ThreadWaitExit                        0x00002379   Thumb Code    46  rtx_thread.o(i.os_ThreadWaitExit)
    os_Tick_Handler                          0x000023a9   Thumb Code   148  rtx_system.o(i.os_Tick_Handler)
    os_TimerTick                             0x00002481   Thumb Code    88  rtx_timer.o(i.os_TimerTick)
    os_svcKernelInitialize                   0x000025e1   Thumb Code   660  rtx_kernel.o(i.os_svcKernelInitialize)
    os_svcMessageQueuePut                    0x00002885   Thumb Code   220  rtx_msgqueue.o(i.os_svcMessageQueuePut)
    os_svcThreadExit                         0x00002965   Thumb Code   118  rtx_thread.o(i.os_svcThreadExit)
    os_svcThreadNew                          0x000029e1   Thumb Code   492  rtx_thread.o(i.os_svcThreadNew)
    putChar_UART0                            0x00002be1   Thumb Code    20  utils.o(i.putChar_UART0)
    readKeypad                               0x00002bf9   Thumb Code   282  utils.o(i.readKeypad)
    serialWrite                              0x00002d19   Thumb Code    22  utils.o(i.serialWrite)
    _fp_init                                 0x00002d2f   Thumb Code    10  fpinit.o(x$fpl$fpinit)
    __fplib_config_fpu_vfp                   0x00002d37   Thumb Code     0  fpinit.o(x$fpl$fpinit)
    __fplib_config_pureend_doubles           0x00002d37   Thumb Code     0  fpinit.o(x$fpl$fpinit)
    os_Config                                0x00002d98   Data         104  rtx_config.o(.constdata)
    os_UserSVC_Table                         0x00002e00   Data           4  rtx_config.o(.constdata)
    g_edmaBase                               0x00002e04   Data           4  fsl_edma_common.o(.constdata)
    g_dmamuxBase                             0x00002e08   Data           4  fsl_edma_common.o(.constdata)
    g_edmaIrqId                              0x00002e0c   Data          16  fsl_edma_common.o(.constdata)
    g_edmaErrIrqId                           0x00002e1c   Data           1  fsl_edma_common.o(.constdata)
    Region$$Table$$Base                      0x00002e2c   Number         0  anon$$obj.o(Region$$Table)
    Region$$Table$$Limit                     0x00002e4c   Number         0  anon$$obj.o(Region$$Table)
    Image$$RW_m_data$$Base                   0x1fff0000   Number         0  anon$$obj.o ABSOLUTE
    rfidCodes                                0x200014c8   Data          20  main.o(.data)
    otg_fs_role                              0x200014dc   Data           1  otg_fs_mk64f.o(.data)
    otg_fs_state                             0x200014dd   Data           1  otg_fs_mk64f.o(.data)
    g_edma                                   0x20001520   Data           4  fsl_edma_driver.o(.data)
    os_Info                                  0x20001528   Data         168  rtx_kernel.o(.data.os)
    Image$$ARM_LIB_HEAP$$ZI$$Base            0x20002620   Number         0  anon$$obj.o ABSOLUTE
    Image$$ARM_LIB_HEAP$$ZI$$Limit           0x20002a20   Number         0  anon$$obj.o ABSOLUTE
    Image$$ARM_LIB_STACK$$ZI$$Limit          0x20030000   Number         0  anon$$obj.o ABSOLUTE



==============================================================================

Memory Map of the image

  Image Entry point : 0x00000411

  Load Region LR_m_text (Base: 0x00000410, Size: 0x0000400c, Max: 0x000ffbf0, ABSOLUTE, COMPRESSED[0x00002a88])

    Execution Region ER_m_text (Base: 0x00000410, Size: 0x00002a3c, Max: 0x000ffbf0, ABSOLUTE)

    Base Addr    Size         Type   Attr      Idx    E Section Name        Object

    0x00000410   0x00000008   Code   RO         5428  * !!!main             c_w.l(__main.o)
    0x00000418   0x00000034   Code   RO         5662    !!!scatter          c_w.l(__scatter.o)
    0x0000044c   0x0000003a   Code   RO         5660    !!dczerorl          c_w.l(__dczerorl.o)
    0x00000486   0x00000002   PAD
    0x00000488   0x0000001c   Code   RO         5664    !!handler_zi        c_w.l(__scatter_zi.o)
    0x000004a4   0x00000002   Code   RO         5599    .ARM.Collect$$libinit$$00000000  c_w.l(libinit.o)
    0x000004a6   0x00000004   Code   RO         5470    .ARM.Collect$$libinit$$00000001  c_w.l(libinit2.o)
    0x000004aa   0x00000000   Code   RO         5473    .ARM.Collect$$libinit$$00000004  c_w.l(libinit2.o)
    0x000004aa   0x00000000   Code   RO         5476    .ARM.Collect$$libinit$$0000000A  c_w.l(libinit2.o)
    0x000004aa   0x00000000   Code   RO         5478    .ARM.Collect$$libinit$$0000000C  c_w.l(libinit2.o)
    0x000004aa   0x00000000   Code   RO         5480    .ARM.Collect$$libinit$$0000000E  c_w.l(libinit2.o)
    0x000004aa   0x00000000   Code   RO         5483    .ARM.Collect$$libinit$$00000011  c_w.l(libinit2.o)
    0x000004aa   0x00000000   Code   RO         5485    .ARM.Collect$$libinit$$00000013  c_w.l(libinit2.o)
    0x000004aa   0x00000000   Code   RO         5487    .ARM.Collect$$libinit$$00000015  c_w.l(libinit2.o)
    0x000004aa   0x00000000   Code   RO         5489    .ARM.Collect$$libinit$$00000017  c_w.l(libinit2.o)
    0x000004aa   0x00000000   Code   RO         5491    .ARM.Collect$$libinit$$00000019  c_w.l(libinit2.o)
    0x000004aa   0x00000000   Code   RO         5493    .ARM.Collect$$libinit$$0000001B  c_w.l(libinit2.o)
    0x000004aa   0x00000000   Code   RO         5495    .ARM.Collect$$libinit$$0000001D  c_w.l(libinit2.o)
    0x000004aa   0x00000000   Code   RO         5497    .ARM.Collect$$libinit$$0000001F  c_w.l(libinit2.o)
    0x000004aa   0x00000000   Code   RO         5499    .ARM.Collect$$libinit$$00000021  c_w.l(libinit2.o)
    0x000004aa   0x00000000   Code   RO         5501    .ARM.Collect$$libinit$$00000023  c_w.l(libinit2.o)
    0x000004aa   0x00000000   Code   RO         5503    .ARM.Collect$$libinit$$00000025  c_w.l(libinit2.o)
    0x000004aa   0x00000000   Code   RO         5507    .ARM.Collect$$libinit$$0000002C  c_w.l(libinit2.o)
    0x000004aa   0x00000000   Code   RO         5509    .ARM.Collect$$libinit$$0000002E  c_w.l(libinit2.o)
    0x000004aa   0x00000000   Code   RO         5511    .ARM.Collect$$libinit$$00000030  c_w.l(libinit2.o)
    0x000004aa   0x00000000   Code   RO         5513    .ARM.Collect$$libinit$$00000032  c_w.l(libinit2.o)
    0x000004aa   0x00000002   Code   RO         5514    .ARM.Collect$$libinit$$00000033  c_w.l(libinit2.o)
    0x000004ac   0x00000002   Code   RO         5657    .ARM.Collect$$libshutdown$$00000000  c_w.l(libshutdown.o)
    0x000004ae   0x00000000   Code   RO         5619    .ARM.Collect$$libshutdown$$00000002  c_w.l(libshutdown2.o)
    0x000004ae   0x00000000   Code   RO         5621    .ARM.Collect$$libshutdown$$00000004  c_w.l(libshutdown2.o)
    0x000004ae   0x00000000   Code   RO         5624    .ARM.Collect$$libshutdown$$00000007  c_w.l(libshutdown2.o)
    0x000004ae   0x00000000   Code   RO         5627    .ARM.Collect$$libshutdown$$0000000A  c_w.l(libshutdown2.o)
    0x000004ae   0x00000000   Code   RO         5629    .ARM.Collect$$libshutdown$$0000000C  c_w.l(libshutdown2.o)
    0x000004ae   0x00000000   Code   RO         5632    .ARM.Collect$$libshutdown$$0000000F  c_w.l(libshutdown2.o)
    0x000004ae   0x00000002   Code   RO         5633    .ARM.Collect$$libshutdown$$00000010  c_w.l(libshutdown2.o)
    0x000004b0   0x00000000   Code   RO         5430    .ARM.Collect$$rtentry$$00000000  c_w.l(__rtentry.o)
    0x000004b0   0x00000000   Code   RO         5525    .ARM.Collect$$rtentry$$00000002  c_w.l(__rtentry2.o)
    0x000004b0   0x00000004   Code   RO         5539    .ARM.Collect$$rtentry$$00000007  c_w.l(__rtentry7.o)
    0x000004b4   0x00000008   Code   RO         5526    .ARM.Collect$$rtentry$$00000008  c_w.l(__rtentry2.o)
    0x000004bc   0x00000004   Code   RO         5528    .ARM.Collect$$rtentry$$0000000A  c_w.l(__rtentry2.o)
    0x000004c0   0x00000000   Code   RO         5530    .ARM.Collect$$rtentry$$0000000C  c_w.l(__rtentry2.o)
    0x000004c0   0x00000008   Code   RO         5531    .ARM.Collect$$rtentry$$0000000D  c_w.l(__rtentry2.o)
    0x000004c8   0x00000004   Code   RO         5540    .ARM.Collect$$rtentry$$00002718  c_w.l(__rtentry7.o)
    0x000004cc   0x00000002   Code   RO         5602    .ARM.Collect$$rtexit$$00000000  c_w.l(rtexit.o)
    0x000004ce   0x00000000   Code   RO         5635    .ARM.Collect$$rtexit$$00000002  c_w.l(rtexit2.o)
    0x000004ce   0x00000004   Code   RO         5636    .ARM.Collect$$rtexit$$00000003  c_w.l(rtexit2.o)
    0x000004d2   0x00000006   Code   RO         5637    .ARM.Collect$$rtexit$$00000004  c_w.l(rtexit2.o)
    0x000004d8   0x00000154   Code   RO          788    .emb_text           rtx_mempool.o
    0x0000062c   0x00000154   Code   RO          957    .emb_text           rtx_msgqueue.o
    0x00000780   0x00000154   Code   RO         1388    .emb_text           rtx_system.o
    0x000008d4   0x00000154   Code   RO         1490    .emb_text           rtx_thread.o
    0x00000a28   0x000000b8   Code   RO          287    .text               irq_cm4f.o
    0x00000ae0   0x00000038   Code   RO         5312    .text               startup_mk64f12.o
    0x00000b18   0x0000008a   Code   RO         5422    .text               c_w.l(rt_memcpy_v6.o)
    0x00000ba2   0x0000004e   Code   RO         5426    .text               c_w.l(rt_memclr_w.o)
    0x00000bf0   0x00000064   Code   RO         5466    .text               c_w.l(rt_memcpy_w.o)
    0x00000c54   0x0000000c   Code   RO         5519    .text               c_w.l(sys_exit.o)
    0x00000c60   0x00000002   Code   RO         5571    .text               c_w.l(use_no_semi.o)
    0x00000c62   0x00000000   Code   RO         5573    .text               c_w.l(indicate_semi.o)
    0x00000c62   0x00000012   Code   RO         5580    .text               c_w.l(exit.o)
    0x00000c74   0x0000000a   Code   RO         2933    i.DMA0_IRQHandler   fsl_edma_irq.o
    0x00000c7e   0x0000000a   Code   RO         2934    i.DMA10_IRQHandler  fsl_edma_irq.o
    0x00000c88   0x0000000a   Code   RO         2935    i.DMA11_IRQHandler  fsl_edma_irq.o
    0x00000c92   0x0000000a   Code   RO         2936    i.DMA12_IRQHandler  fsl_edma_irq.o
    0x00000c9c   0x0000000a   Code   RO         2937    i.DMA13_IRQHandler  fsl_edma_irq.o
    0x00000ca6   0x0000000a   Code   RO         2938    i.DMA14_IRQHandler  fsl_edma_irq.o
    0x00000cb0   0x0000000a   Code   RO         2939    i.DMA15_IRQHandler  fsl_edma_irq.o
    0x00000cba   0x0000000a   Code   RO         2940    i.DMA1_IRQHandler   fsl_edma_irq.o
    0x00000cc4   0x0000000a   Code   RO         2941    i.DMA2_IRQHandler   fsl_edma_irq.o
    0x00000cce   0x0000000a   Code   RO         2942    i.DMA3_IRQHandler   fsl_edma_irq.o
    0x00000cd8   0x0000000a   Code   RO         2943    i.DMA4_IRQHandler   fsl_edma_irq.o
    0x00000ce2   0x0000000a   Code   RO         2944    i.DMA5_IRQHandler   fsl_edma_irq.o
    0x00000cec   0x0000000a   Code   RO         2945    i.DMA6_IRQHandler   fsl_edma_irq.o
    0x00000cf6   0x0000000a   Code   RO         2946    i.DMA7_IRQHandler   fsl_edma_irq.o
    0x00000d00   0x0000000a   Code   RO         2947    i.DMA8_IRQHandler   fsl_edma_irq.o
    0x00000d0a   0x0000000a   Code   RO         2948    i.DMA9_IRQHandler   fsl_edma_irq.o
    0x00000d14   0x00000034   Code   RO         2765    i.EDMA_DRV_ClearIntStatus  fsl_edma_driver.o
    0x00000d48   0x0000002c   Code   RO         2770    i.EDMA_DRV_IRQHandler  fsl_edma_driver.o
    0x00000d74   0x00000180   Code   RO           75    i.GPIO_Initialize   utils.o
    0x00000ef4   0x0000002c   Code   RO         5320    i.SystemInit        system_mk64f12.o
    0x00000f20   0x00000024   Code   RO         2133    i.USB0_IRQHandler   otg_fs_mk64f.o
    0x00000f44   0x000002e0   Code   RO         2450    i.USBD_FS_IRQ       usbd_fs_mk64f.o
    0x00001224   0x000000dc   Code   RO         2454    i.USBD_HW_EndpointTransfer  usbd_fs_mk64f.o
    0x00001300   0x00000110   Code   RO         2458    i.USBD_Reset        usbd_fs_mk64f.o
    0x00001410   0x000004ac   Code   RO         2575    i.USBH_FS_IRQ       usbh_fs_mk64f.o
    0x000018bc   0x00000010   Code   RO         2579    i.USBH_HW_GetPipeIndexFromAddress  usbh_fs_mk64f.o
    0x000018cc   0x00000188   Code   RO         2580    i.USBH_HW_StartTransfer  usbh_fs_mk64f.o
    0x00001a54   0x00000006   Code   RO          520    i.__get_BASEPRI     rtx_kernel.o
    0x00001a5a   0x00000006   Code   RO          958    i.__get_BASEPRI     rtx_msgqueue.o
    0x00001a60   0x00000006   Code   RO          521    i.__get_CONTROL     rtx_kernel.o
    0x00001a66   0x00000006   Code   RO          522    i.__get_IPSR        rtx_kernel.o
    0x00001a6c   0x00000006   Code   RO          959    i.__get_IPSR        rtx_msgqueue.o
    0x00001a72   0x00000006   Code   RO          523    i.__get_PRIMASK     rtx_kernel.o
    0x00001a78   0x00000006   Code   RO          960    i.__get_PRIMASK     rtx_msgqueue.o
    0x00001a7e   0x00000008   Code   RO         2057    i._platform_post_stackheap_init  rtx_config.o
    0x00001a86   0x00000002   PAD
    0x00001a88   0x00000014   Code   RO           76    i.delay             utils.o
    0x00001a9c   0x00000058   Code   RO           77    i.fetchRFIDTag      utils.o
    0x00001af4   0x00000018   Code   RO           79    i.getChar_UART3     utils.o
    0x00001b0c   0x00000048   Code   RO         2714    i.init_data_bss     startup.o
    0x00001b54   0x000000a8   Code   RO            7    i.main              main.o
    0x00001bfc   0x0000003c   Code   RO          531    i.osKernelInitialize  rtx_kernel.o
    0x00001c38   0x00000048   Code   RO          969    i.osMessageQueuePut  rtx_msgqueue.o
    0x00001c80   0x00000014   Code   RO         1496    i.osThreadExit      rtx_thread.o
    0x00001c94   0x00000020   Code   RO         2058    i.os_Error          rtx_config.o
    0x00001cb4   0x00000004   Code   RO         2059    i.os_IdleThread     rtx_config.o
    0x00001cb8   0x0000000c   Code   RO         1515    i.os_KernelGetState  rtx_thread.o
    0x00001cc4   0x00000074   Code   RO          749    i.os_MemoryAlloc    rtx_memory.o
    0x00001d38   0x00000044   Code   RO          750    i.os_MemoryFree     rtx_memory.o
    0x00001d7c   0x00000038   Code   RO          751    i.os_MemoryInit     rtx_memory.o
    0x00001db4   0x0000002a   Code   RO          801    i.os_MemoryPoolAlloc  rtx_mempool.o
    0x00001dde   0x0000003e   Code   RO          802    i.os_MemoryPoolFree  rtx_mempool.o
    0x00001e1c   0x00000036   Code   RO          803    i.os_MemoryPoolInit  rtx_mempool.o
    0x00001e52   0x0000004c   Code   RO          973    i.os_MessageQueuePut  rtx_msgqueue.o
    0x00001e9e   0x00000044   Code   RO         1158    i.os_MutexOwnerRelease  rtx_mutex.o
    0x00001ee2   0x00000002   PAD
    0x00001ee4   0x00000064   Code   RO         1389    i.os_PendSV_Handler  rtx_system.o
    0x00001f48   0x0000003c   Code   RO         1390    i.os_PostProcess    rtx_system.o
    0x00001f84   0x0000000a   Code   RO         1393    i.os_SysTimerAckIRQ  rtx_system.o
    0x00001f8e   0x00000002   PAD
    0x00001f90   0x00000030   Code   RO         1516    i.os_ThreadBlock    rtx_thread.o
    0x00001fc0   0x00000068   Code   RO         1517    i.os_ThreadDelayInsert  rtx_thread.o
    0x00002028   0x00000078   Code   RO         1518    i.os_ThreadDelayRemove  rtx_thread.o
    0x000020a0   0x00000040   Code   RO         1519    i.os_ThreadDelayTick  rtx_thread.o
    0x000020e0   0x0000006c   Code   RO         1520    i.os_ThreadDispatch  rtx_thread.o
    0x0000214c   0x00000056   Code   RO         1521    i.os_ThreadFlagsCheck  rtx_thread.o
    0x000021a2   0x00000002   PAD
    0x000021a4   0x00000060   Code   RO         1524    i.os_ThreadFree     rtx_thread.o
    0x00002204   0x0000000c   Code   RO         1525    i.os_ThreadGetRunning  rtx_thread.o
    0x00002210   0x00000018   Code   RO         1526    i.os_ThreadListGet  rtx_thread.o
    0x00002228   0x0000002e   Code   RO         1527    i.os_ThreadListPut  rtx_thread.o
    0x00002256   0x0000001a   Code   RO         1528    i.os_ThreadListRemove  rtx_thread.o
    0x00002270   0x00000036   Code   RO         1531    i.os_ThreadPostProcess  rtx_thread.o
    0x000022a6   0x00000002   PAD
    0x000022a8   0x00000018   Code   RO         1532    i.os_ThreadReadyPut  rtx_thread.o
    0x000022c0   0x00000018   Code   RO         1533    i.os_ThreadRegPtr   rtx_thread.o
    0x000022d8   0x0000000c   Code   RO         1534    i.os_ThreadSetRunning  rtx_thread.o
    0x000022e4   0x0000002c   Code   RO         1535    i.os_ThreadStackCheck  rtx_thread.o
    0x00002310   0x00000018   Code   RO         1536    i.os_ThreadSwitch   rtx_thread.o
    0x00002328   0x00000050   Code   RO         1537    i.os_ThreadWaitEnter  rtx_thread.o
    0x00002378   0x0000002e   Code   RO         1538    i.os_ThreadWaitExit  rtx_thread.o
    0x000023a6   0x00000002   PAD
    0x000023a8   0x00000098   Code   RO         1399    i.os_Tick_Handler   rtx_system.o
    0x00002440   0x00000040   Code   RO         1929    i.os_TimerInsert    rtx_timer.o
    0x00002480   0x0000005c   Code   RO         1932    i.os_TimerTick      rtx_timer.o
    0x000024dc   0x00000018   Code   RO         1933    i.os_TimerUnlink    rtx_timer.o
    0x000024f4   0x0000007e   Code   RO          976    i.os_isrMessageQueuePut  rtx_msgqueue.o
    0x00002572   0x00000002   PAD
    0x00002574   0x00000030   Code   RO         1400    i.os_isr_queue_get  rtx_system.o
    0x000025a4   0x0000003c   Code   RO         1401    i.os_isr_queue_put  rtx_system.o
    0x000025e0   0x000002a4   Code   RO          546    i.os_svcKernelInitialize  rtx_kernel.o
    0x00002884   0x000000e0   Code   RO          985    i.os_svcMessageQueuePut  rtx_msgqueue.o
    0x00002964   0x0000007c   Code   RO         1541    i.os_svcThreadExit  rtx_thread.o
    0x000029e0   0x00000200   Code   RO         1554    i.os_svcThreadNew   rtx_thread.o
    0x00002be0   0x00000018   Code   RO           80    i.putChar_UART0     utils.o
    0x00002bf8   0x00000120   Code   RO           81    i.readKeypad        utils.o
    0x00002d18   0x00000016   Code   RO           82    i.serialWrite       utils.o
    0x00002d2e   0x0000000a   Code   RO         5569    x$fpl$fpinit        fz_wm.l(fpinit.o)
    0x00002d38   0x000000cc   Data   RO         2066    .constdata          rtx_config.o
    0x00002e04   0x00000019   Data   RO         2742    .constdata          fsl_edma_common.o
    0x00002e1d   0x00000003   PAD
    0x00002e20   0x0000000b   Data   RO          552    .conststrlit        rtx_kernel.o
    0x00002e2b   0x00000001   PAD
    0x00002e2c   0x00000020   Data   RO         5658    Region$$Table       anon$$obj.o


    Execution Region RW_m_data (Base: 0x1fff0000, Size: 0x00000000, Max: 0x00010000, ABSOLUTE)

    **** No section assigned to this execution region ****


    Execution Region RW_m_data_2 (Base: 0x20000000, Size: 0x00002620, Max: 0x0002f800, ABSOLUTE, COMPRESSED[0x0000004c])

    Base Addr    Size         Type   Attr      Idx    E Section Name        Object

    0x20000000   0x00001230   Data   RW         2061    .bss.os             rtx_config.o
    0x20001230   0x00000034   Data   RW         2062    .bss.os.msgqueue.cb  rtx_config.o
    0x20001264   0x00000050   Data   RW         2063    .bss.os.msgqueue.mem  rtx_config.o
    0x200012b4   0x00000080   Data   RW         2064    .bss.os.thread.cb   rtx_config.o
    0x20001334   0x00000004   PAD
    0x20001338   0x00000190   Data   RW         2065    .bss.os.thread.stack  rtx_config.o
    0x200014c8   0x00000014   Data   RW            8    .data               main.o
    0x200014dc   0x00000002   Data   RW         2134    .data               otg_fs_mk64f.o
    0x200014de   0x00000002   PAD
    0x200014e0   0x00000015   Data   RW         2462    .data               usbd_fs_mk64f.o
    0x200014f5   0x00000003   PAD
    0x200014f8   0x00000028   Data   RW         2599    .data               usbh_fs_mk64f.o
    0x20001520   0x00000004   Data   RW         2785    .data               fsl_edma_driver.o
    0x20001524   0x00000004   PAD
    0x20001528   0x000000a8   Data   RW          554    .data.os            rtx_kernel.o
    0x200015d0   0x00000030   PAD
    0x20001600   0x00000d00   Zero   RW         2460    .bss                usbd_fs_mk64f.o
    0x20002300   0x00000100   PAD
    0x20002400   0x00000220   Zero   RW         2597    .bss                usbh_fs_mk64f.o


    Execution Region ARM_LIB_HEAP (Base: 0x20002620, Size: 0x00000400, Max: 0x00000400, ABSOLUTE)

    Base Addr    Size         Type   Attr      Idx    E Section Name        Object

    0x20002620   0x00000400   Zero   RW            1    ARM_LIB_HEAP.bss    anon$$obj.o


    Execution Region ARM_LIB_STACK (Base: 0x2002fc00, Size: 0x00000400, Max: 0x00000400, ABSOLUTE)

    Base Addr    Size         Type   Attr      Idx    E Section Name        Object

    0x2002fc00   0x00000400   Zero   RW            2    ARM_LIB_STACK.bss   anon$$obj.o



  Load Region LR_m_interrupts (Base: 0x00000000, Size: 0x00000400, Max: 0x00000400, ABSOLUTE)

    Execution Region VECTOR_RAM (Base: 0x00000000, Size: 0x00000000, Max: 0x00000000, ABSOLUTE)

    Base Addr    Size         Type   Attr      Idx    E Section Name        Object

    0x00000000   0x00000000   Zero   RW            3    VECTOR_RAM.bss      anon$$obj.o


    Execution Region VECTOR_ROM (Base: 0x00000000, Size: 0x00000400, Max: 0x00000400, ABSOLUTE)

    Base Addr    Size         Type   Attr      Idx    E Section Name        Object

    0x00000000   0x00000400   Data   RO         5310    RESET               startup_mk64f12.o



  Load Region LR_m_flash_config (Base: 0x00000400, Size: 0x00000010, Max: 0x00000010, ABSOLUTE)

    Execution Region ER_m_flash_config (Base: 0x00000400, Size: 0x00000010, Max: 0x00000010, ABSOLUTE)

    Base Addr    Size         Type   Attr      Idx    E Section Name        Object

    0x00000400   0x00000010   Data   RO         5311    FlashConfig         startup_mk64f12.o


==============================================================================

Image component sizes


      Code (inc. data)   RO Data    RW Data    ZI Data      Debug   Object Name

         0          0          0          0          0       3480   cmsis_os1.o
         0          0         25          0          0        913   fsl_edma_common.o
        96         12          0          4          0      11724   fsl_edma_driver.o
       160          0          0          0          0       9086   fsl_edma_irq.o
       184         12          0          0          0        640   irq_cm4f.o
       168         48          0         20          0     622251   main.o
        36          4          0          2          0       7249   otg_fs_mk64f.o
        44          6        204       5316          0       9396   rtx_config.o
         0          0          0          0          0      10332   rtx_delay.o
         0          0          0          0          0        740   rtx_evflags.o
       760         22         11        168          0      19138   rtx_kernel.o
       240          0          0          0          0       3181   rtx_memory.o
       498          0          0          0          0       3953   rtx_mempool.o
       856         10          0          0          0      12988   rtx_msgqueue.o
        68          0          0          0          0       1435   rtx_mutex.o
       770         34          0          0          0       9531   rtx_system.o
      2050        102          0          0          0      20058   rtx_thread.o
       180         16          0          0          0       1895   rtx_timer.o
        72         18          0          0          0        580   startup.o
        56         18       1040          0          0        872   startup_mk64f12.o
        44         10          0          0          0        525   system_mk64f12.o
      1228         84          0         21       3328       5540   usbd_fs_mk64f.o
      1604        118          0         40        544       6120   usbh_fs_mk64f.o
       850         60          0          0          0       4100   utils.o

    ----------------------------------------------------------------------
      9978        574       1316       5584       6224     765727   Object Totals
         0          0         32          0       2048          0   (incl. Generated)
        14          0          4         13        304          0   (incl. Padding)

    ----------------------------------------------------------------------

      Code (inc. data)   RO Data    RW Data    ZI Data      Debug   Library Member Name

        58          0          0          0          0          0   __dczerorl.o
         8          0          0          0          0         68   __main.o
         0          0          0          0          0          0   __rtentry.o
        20          0          0          0          0          0   __rtentry2.o
         8          4          0          0          0          0   __rtentry7.o
        52          8          0          0          0          0   __scatter.o
        28          0          0          0          0          0   __scatter_zi.o
        18          0          0          0          0         80   exit.o
         0          0          0          0          0          0   indicate_semi.o
         2          0          0          0          0          0   libinit.o
         6          0          0          0          0          0   libinit2.o
         2          0          0          0          0          0   libshutdown.o
         2          0          0          0          0          0   libshutdown2.o
        78          0          0          0          0         80   rt_memclr_w.o
       138          0          0          0          0         68   rt_memcpy_v6.o
       100          0          0          0          0         80   rt_memcpy_w.o
         2          0          0          0          0          0   rtexit.o
        10          0          0          0          0          0   rtexit2.o
        12          4          0          0          0         68   sys_exit.o
         2          0          0          0          0         68   use_no_semi.o
        10          0          0          0          0        116   fpinit.o

    ----------------------------------------------------------------------
       558         16          0          0          0        628   Library Totals
         2          0          0          0          0          0   (incl. Padding)

    ----------------------------------------------------------------------

      Code (inc. data)   RO Data    RW Data    ZI Data      Debug   Library Name

       546         16          0          0          0        512   c_w.l
        10          0          0          0          0        116   fz_wm.l

    ----------------------------------------------------------------------
       558         16          0          0          0        628   Library Totals

    ----------------------------------------------------------------------

==============================================================================


      Code (inc. data)   RO Data    RW Data    ZI Data      Debug   

     10536        590       1316       5584       6224     757199   Grand Totals
     10536        590       1316         76       6224     757199   ELF Image Totals (compressed)
     10536        590       1316         76          0          0   ROM Totals

==============================================================================

    Total RO  Size (Code + RO Data)                11852 (  11.57kB)
    Total RW  Size (RW Data + ZI Data)             11808 (  11.53kB)
    Total ROM Size (Code + RO Data + RW Data)      11928 (  11.65kB)

==============================================================================

